08-13 01:07 root         WARNING  e411dbebd2f7d64dafeef9b14b5c59ec60c36779d43f850e5e347abee1e1a455 doesn't match
08-13 01:07 root         WARNING  2a0597e665ac3d1cabeede95cedf907934db7f639e477b3c77b242140d8cf728 doesn't match
08-13 01:07 root         WARNING  a288fec5559c3f73fd3d93db8e8460562ebfe2fcf04a5114e8d0f2920a6270dc doesn't match
08-13 02:18 root         WARNING  5492a05f1edfbd29c525a3dbf45f654d0fc45a805ccd620d0a4dff47de63f90b doesn't match
08-13 02:18 root         WARNING  cee16a9b222f636cd27d734da0a131cee5dd7a1d09cb5f14f4d1330b22aaa38e doesn't match
08-13 02:18 root         WARNING  0adfc9f9ace87a2956626777c2e2637c789ca4919a77c314d53ffc1d0bc8ad38 doesn't match
08-13 02:20 root         WARNING  3077f4b06d7cdb9434019696b4e1dcb6daddde4331ca3749bdd599d50912f569 doesn't match
08-13 02:20 root         WARNING  db3f14e43fecc80eb3e0827cecce85b3499654694d12272bf91b1b2b8c33b5cb doesn't match
08-13 12:07 root         WARNING  b728387a3cf1dfcff1eef13706816327907f79f9366a7098ee48fc0c00ad2726 doesn't match
08-13 12:11 root         WARNING  9740e7d646f5278603c04706a366716e5e87212c57395e0d24761c0ae784b2c6 doesn't match
08-13 15:08 root         WARNING  eb3b82c0884e3efa6d8b0be55b4915eb20be124c9766245bcc7f34fdac32bccb doesn't match
08-13 15:08 root         WARNING  055707ce7fea7b9776fdc70413f65ceec413d46344424ab01acd5138767db137 doesn't match
08-13 15:08 root         WARNING  6d36bc17e947ce00bb6f12f8e7a56a1585c5a36188ffa2b05e10b4743273a74b doesn't match
08-13 15:11 root         WARNING  bc179baab547b7d7c1d5d8d6f8b0cc6318eaa4b0dd0a093ad6ac7f5a1cb6b3ba doesn't match
08-13 15:11 root         WARNING  4d932e00d5e20e31211136651f1665309a11908e438bb4c30799154d26812491 doesn't match
08-13 15:25 root         WARNING  f003f0c1193019db2497a675fd05d9f2edddf9b67c59e677c48d3dbd4ed5f00b doesn't match
08-13 15:37 root         WARNING  0157f2eec7bf856d66714856182a146998910dc6fa576bec200a9fa8039459e7 doesn't match
08-13 15:38 root         WARNING  ddd070541bf2fddaa5e08a9d93126f73211fe15291beb897c762908949420ad9 doesn't match
08-13 18:51 root         WARNING  c0b69d1e5ed13732dbd704604f7c08bc96549cc556c464aa42cc7525b3897987 doesn't match
08-13 18:52 root         WARNING  aea682d68a3ea5e3583e088dcbd699a5d44d4b083f02ad0aaf2598fe1fa4dfd4 doesn't match
08-13 18:52 root         WARNING  29237a21b6b7d1350a952c7a76873d6207ceeebc30f10bb1c524d16813101df4 doesn't match
08-13 18:52 root         WARNING  9b43e37566a6cbcd305170f33b0dc60b75486615d57c4e348f70e194124e27e2 doesn't match
08-13 18:52 root         WARNING  f442ec202bcf3925c03d7391570ffd0af1822fc42b011771b595628849705d23 doesn't match
08-13 18:53 root         WARNING  0f24294a1d23efbb49c1765cf443fba7930702752aba6d765870082fe4f13cae doesn't match
08-13 19:15 root         WARNING  e5779b9e78f9650debc2893fd9636d827b26b4ddfa6a8172fe8708c924f5c39d doesn't match
08-14 03:16 root         WARNING  c65a0df77a5548ae2f7901c2d63104b311aed31d456f648d2a2a6992a37699c4 doesn't match
08-14 03:16 root         WARNING  07a16b5a5e3bb8724ebc7ef6e1514a77e39b4d25993d53a1928af875638d467b doesn't match
08-14 03:20 root         WARNING  004c35f34c629bcf27d7ca37e4aaf8ef7633dce70c865eb9ece2ae7d3c3309b4 doesn't match
08-14 03:20 root         WARNING  ef4bcadfbcb8c3a7c734ce957b5078d760229b93be41091918c2b1e18bd09807 doesn't match
08-14 09:00 root         WARNING  51874c4b26a92dacb256f0e60303daabf60a63681111c4c1948f0bba25d8df96 doesn't match
08-14 09:53 root         WARNING  0f20c8dab4a8dfb50dd5cf4c276ba1fab1c79cae5b6641be2f67faaca838c1e6 doesn't match
08-14 10:57 root         WARNING  91c8b08f305d895d6bc8f43bbdd36dcbc7f1d998e3df5e8f13dd9cdeebf15cb5 doesn't match
08-14 12:52 root         WARNING  5916bb41f8c05e6f60f41fb9dd9e871d5984b96b63964756854054e6dd0c6092 doesn't match
08-15 00:01 root         WARNING  112ae9859731f671ec3593de5790ed026d06d23134ba284aec811bc8f50e96b3 doesn't match
08-15 05:35 root         WARNING  eb31ca1a4cbd97c2770983164d7560d2d03276ae1aee26f12d7c2c6424252f29 doesn't match
08-15 05:35 root         WARNING  3d665c1eb25160444cf053988a0d7d0c3ec5e68e3897a917d59447052788cfc5 doesn't match
08-15 06:21 root         WARNING  9a53ee291c606e9076013d28b62408a153406c5ea45be10ebbd4ef3886a67bbd doesn't match
08-15 10:15 root         WARNING  9a53ee291c606e9076013d28b62408a153406c5ea45be10ebbd4ef3886a67bbd doesn't match
08-15 19:27 root         WARNING  22f995434ea5030a28a3be78c9dda72d5b63463734ce06cf218624aec6e62603 doesn't match
08-15 19:39 root         WARNING  d630fe86b8fc6649b5951d5bd4e5183c7ab32d3a7ae8a459678b7b76a7814908 doesn't match
08-15 19:39 root         WARNING  e4d2b26f3ac550700a76271a390fde6d67d63a9f1af810f6fbe2230e10448595 doesn't match
08-15 21:33 root         WARNING  96eaa9436b05e0cc1932e0a04866656daa11e348d0bdff94989b7aded1f21183 doesn't match
08-15 21:51 root         WARNING  9a55f7f44c7bdba9f5102873c9bd4e48289bfa795280d926d618922025e0d55b doesn't match
08-15 21:51 root         WARNING  da47bd83967d81f3cf6520f4ff81b3b6c4797bfe7ac2b5969aedbf01a840cda6 doesn't match
08-15 22:02 root         WARNING  e5e4727e3f9b587c063406b4ec352f7c35bba04fcfa021a15183216d648f049d doesn't match
08-15 22:46 root         WARNING  59bd7b2cff5da929581fc9fef31a2fba14508f1477e366befb1eb42a8810a000 doesn't match
08-16 01:28 root         WARNING  b07e11bd2644e17157e76d149e6a3f0f7df95a6a18219efb34e79361cddc75e5 doesn't match
08-16 01:28 root         WARNING  b1ca688b1b5af755aed3f072bf20ddc1836b2893187eb1998d63266045f34adb doesn't match
08-16 01:49 root         WARNING  c659729a7fea5071361c2c1a68551ca2bf77679b27086cc415adeeb03852e369 doesn't match
08-16 01:49 root         WARNING  637dd1a3418386a418ceeac7bb58633a904dbf127fa47bbea9cc8f86fef7413f doesn't match
08-16 02:13 root         WARNING  35e79ee733fad376e76d16d1f10088273c2f4c2eaba1374a837378a88e530005 doesn't match
08-16 02:14 root         WARNING  6e058c1d413cb5c5a42b24960bdbc746c02dc817dace651c03fbbcbb90da8cf1 doesn't match
08-16 02:14 root         WARNING  567a53d1ce19ce3d07711885168484439965501536d0d0294c5d46d46c10e53b doesn't match
08-16 02:14 root         WARNING  c64538b642bbc230d67a14c89d18fe03362e5225c9510b820ebbc6297b172872 doesn't match
08-16 02:14 root         WARNING  a11b48c158610038f6962ee695c616fbdaf62fe94cb8eb5742fc63e603aee1ed doesn't match
08-16 02:14 root         WARNING  8c703ea0d958ba1634fdc9d4211fa057b66dbd99a70f6542698f588f58b92330 doesn't match
08-16 02:17 root         WARNING  59ac3eccee265d31bee3264cf77a4e9b7703d6ad0cf97eadcdb4439c22725db2 doesn't match
08-16 03:37 root         WARNING  ba36571e656c4716b406b3e729313aad400312213b497bcb1dea681e0b8eba96 doesn't match
08-16 05:21 root         WARNING  7e0444d977e388ba2be7992b5cece591b502682f28ed20c1fbfe0623fc76503a doesn't match
08-16 06:15 root         WARNING  719d8ac8de82622235add948e5acac85216f1db3006861b834dc032d34899821 doesn't match
08-16 06:18 root         WARNING  ebc9fa1196a59e192352d76c0f6e73167046b9d37b8302b6bb6968dfd279b767 doesn't match
08-16 06:18 root         WARNING  82eab6b0a5e9e66517fd71f973023ecb9c1839bb569514136fe60482f724e174 doesn't match
08-16 06:58 root         WARNING  b45cf420756a7d85bd0b16ee7c1dc4909ba07e864f38029cf27d9681d1aaa96c doesn't match
08-16 07:38 root         WARNING  d29c9c0e8e4d2a9790922af73f0b8d51f0bd4bb19940d9cf910ead8fbe85bc9b doesn't match
08-16 07:38 root         WARNING  e14578437ec3c9990ad5e0628c26431ac526427cc8693262016b2f013d9875be doesn't match
08-16 07:39 root         WARNING  3b87cb74a83f581d8edf1e64c7b9a8053df8505973d200119f3dd5bbbffbcadb doesn't match
08-16 07:39 root         WARNING  e689843030b52c08debfa0cee17f90830fba44fa9fee29cea03eaf4fee6c78fc doesn't match
08-16 07:39 root         WARNING  ac49f0d3117a02545d86efff49be45fe94cd99f901456088a3dcb0e816cb6927 doesn't match
08-16 07:39 root         WARNING  6f7bfa6127763c77d90f86f262836e553ca171283207a328d3ef98ab8427462d doesn't match
08-16 07:39 root         WARNING  61e26d407c17e8ee33a8b166c78f78c53cdcdc0078ae1f9405e6583cfb90eaf4 doesn't match
08-16 08:00 root         WARNING  2bba9900c0fe67ada751be0e3444be6bb696f473fe84b5b7b0d8f93df6c2b833 doesn't match
08-16 08:00 root         WARNING  a6ce7081addade7676cd2af75c4129eba6bf5e179a19c40c7d4cf6a5fe595954 doesn't match
08-16 08:04 root         WARNING  8caacca855b5a03318a6cc4bb238a29d7263f553d36bf4cc2d9d30603c16fb62 doesn't match
08-16 08:09 root         WARNING  43c7fe7dea534b6bdcc1f511940487f85cf04e24bbdb11486674367b3fc80a2e doesn't match
08-16 08:09 root         WARNING  cbebc4da731e8995fe97f6fadcd731b36ad40e5ecb31e38e904f6e5982fa09f7 doesn't match
08-16 08:20 root         WARNING  499e80a173ee095d44b1c3503c5d00015222a2d7c17a2140fa16f28eeeda8b93 doesn't match
08-16 08:24 root         WARNING  a9b61a5aa4e406b0c9fb5ed9007bd87b6273117f502fa9e100ec08fb347d08db doesn't match
08-16 08:37 root         WARNING  9837a637931f74df1cb52b1045e479e4d7065f72db4d449d732211eb0e5cfd4c doesn't match
08-16 08:37 root         WARNING  bc216d5f3d330dcd73c41ef59e5ca42a2ef401fec8fca0209f753697ce591bab doesn't match
08-16 08:38 root         WARNING  540d816bd57300209754dd36ffcec1d669bd2068641844783451cd3ef32c8aa4 doesn't match
08-16 08:38 root         WARNING  daae4951c39c0198166a1d9e2eef542f17412883710567a22ad8dccbe2476ab9 doesn't match
08-16 08:41 root         WARNING  2351e31e9174d350778d39707152a181599174f42460622857627b5d853ab942 doesn't match
08-16 08:41 root         WARNING  75bb6417afc7500a6389201a67bfc2428a1241170a214bbf6833a389191036fe doesn't match
08-16 08:41 root         WARNING  a214a2daf91691afdd491fd00d894eb3301e35bc18b5554b14e12843037e954c doesn't match
08-16 09:44 root         WARNING  2be308f855b86d53f0ae06e1ac6f44a953619fd1ebeb83787bfd005771fab284 doesn't match
08-16 09:45 root         WARNING  1a4acc2933f1c50006d74ca1b0f43fe084e23846c5d68d621865bc358871601a doesn't match
08-16 10:09 root         WARNING  08a2fc0bb5dd917868459723547d5bdc7473f5391b6bb23b04ba03b48fd02f67 doesn't match
08-16 14:49 root         WARNING  6164cb05c04d6700ff2cda18f1ba2824d3d02eb782a557a59cf84cc4924af6da doesn't match
08-16 15:43 root         WARNING  2c07995cbb95a93504bb148184d6b731d75874387720597052171a5fd50835f5 doesn't match
08-16 15:59 root         WARNING  15595590636afdf807462551fb58655a18419cfdb9a0ad9c866cf00f74108bc5 doesn't match
08-16 17:26 root         WARNING  eb126d7651086e874fb6ad9e2414de71efdbb441c050da2f064f289a0401ebdf doesn't match
08-16 17:44 root         WARNING  953f8a1398bbae5554ae92d59d0adff4afc5554e044adc8599d0be5bd70b7fab doesn't match
08-16 17:44 root         WARNING  bd5c650f11b0c67365efc6dfb039fbf23f9187455d1e9283b6dab83ccc7cb719 doesn't match
08-16 18:18 root         WARNING  fd9b541d23f6e9bddb34ede15c7684eeec36231118796b691ae525f95578acf1 doesn't match
08-16 18:18 root         WARNING  b36faa202e889315b6071d91c374a2ad1e933ec9a4ce2e6690e7bf53bc5377b8 doesn't match
08-16 18:18 root         WARNING  c4aaf7fbec7a9a079e670e50f6a672315451c7618814494ab1f89cf3fd97b3bb doesn't match
08-16 18:18 root         WARNING  38df010716e13254fb5fc16065c1cf62ee2aeaed2fad79973f8a76ba91da36da doesn't match
08-16 18:18 root         WARNING  a59012de71dafa1510fd57d339ff488d50da4808c9fd4c001d6de8874d8aa26d doesn't match
08-16 18:18 root         WARNING  379f786784ae7f1684e91722370a4246ba4c2ae0a5cf3b4462201e15cb845ccf doesn't match
08-16 18:18 root         WARNING  2ee6d8ea223e118075882edba876f01b30f407eb6c6d31c40bd6664a17f20f0c doesn't match
08-16 18:18 root         WARNING  f04a824c0b7d23626e79ca039f1d60c1d73beec2f686ba0d8d0432b020b63040 doesn't match
08-16 18:18 root         WARNING  dca2b033741d59a5c07e42adf04d36707aceae76596d883827fbd6e9ffa6d909 doesn't match
08-16 18:18 root         WARNING  09bdfd8bd713658612594e2d6df5e7f80ba3898e3ae3c6b3aa8ef986204d1e1e doesn't match
08-16 18:19 root         WARNING  f5f73fe6ce56d8c35f54704f14ef02bea564f258cdb0a365b8221da421cf4701 doesn't match
08-16 18:19 root         WARNING  8dc62ea2318b03d55b25bccec5afc8d3f48b367a9fadd483b2d18dd24ba1abb8 doesn't match
08-16 18:19 root         WARNING  61d47409a240a4b67ce75ec4dffa30e1863485f8fe64a6334410347692f9e60e doesn't match
08-16 18:44 root         WARNING  c75bea2ca3a40c31ab87f7bafd3a497a57d0936cdcc5b23f851875ef8407609d doesn't match
08-16 20:17 root         WARNING  403a4d707ab9b774fbcabb0cafabf95ae79d76ea29b9d734cd555a384bb51b4a doesn't match
08-16 20:37 root         WARNING  3365566aefeeb0427ea6d6b86e708ac997891952ac2aa1e6927a6e903702476f doesn't match
08-16 20:41 root         WARNING  26eaf7e3500203c8e03b91473ec2104aba6604a5c5716847b84cff0941a4a2ee doesn't match
08-16 20:41 root         WARNING  f3784ea6df802af5de7bfd8dd6af8eb07cf317b873f09f895586cd09892e897b doesn't match
08-16 20:44 root         WARNING  696e3f5b01da851eac1f2f850545cc699995c4fecda79732069aca3cd9aa9be4 doesn't match
08-16 21:00 root         WARNING  073bf9b43ea784dd7b10cd1b5cde7aa9c4946e15962f3bdd5ba04a56656bd0b7 doesn't match
08-16 21:01 root         WARNING  bde112c2c50b8a63940eba55f532fd548059252b025e984a62b745006341dbe8 doesn't match
08-16 21:04 root         WARNING  0540b5dda23ee870330c6b1e18a88c592cf8d847c47f1dc1d5328f46115b12b3 doesn't match
08-16 21:32 root         WARNING  e9fdc9e95d1af5f73b08d74b7a0349bfa5edde3b2e0cc7629a833c0a0829b3c2 doesn't match
08-16 23:07 root         WARNING  9d7dddb6494ce5d9185e5e5ec9e488a487426e3eebe2b6bdd084ebd56ab6abdc doesn't match
08-16 23:08 root         WARNING  17b60b8e1c847cde8ee52bd6464d075227fc1097d81f64b958fe96fabd0f0151 doesn't match
08-17 00:19 root         WARNING  3eb76ca5e4cbb0321663312f3aae49c58f961663f2be984e77a611edc4ca4837 doesn't match
08-17 00:26 root         WARNING  9709f98907c6a82f2c7d4522ed71e505b3f53283d1e6c28c65cb3ba95c564b7b doesn't match
08-17 00:26 root         WARNING  e1c967e001361b50683ff37c35640e621b855b5ac92d2a48e1e9f99e2d6981dd doesn't match
08-17 00:38 root         WARNING  bbe4497deafa35a8db94f72b4ded4fd2b90bdde6927ec5dce37b61ad523cfce5 doesn't match
08-17 00:40 root         WARNING  38d1734b6863ddacbe3384d9471753ab2cf072bcccc061452f4b0c7f3f7dcf13 doesn't match
08-17 01:01 root         WARNING  ee6c47837f72563f778412d2cc42aed1ff81bd6ec235aafb3e7332b6ab8e4866 doesn't match
08-17 02:14 root         WARNING  6f8a70aac37786b1f619d40250b8bca1a1f6da487146a7e81091f611068a23ef doesn't match
08-17 02:15 root         WARNING  7c2994e364f6a0dd6515a0c33e41d71911132d8d4cafd15c4a53d1cba22bc165 doesn't match
08-17 03:12 root         WARNING  c59a15e4c4e455941e6eb41d47ba68866a84d9ab5de921dd08565b4964f7d655 doesn't match
08-17 04:00 root         WARNING  896fdfe468b4ee621599ba430eb43016a8acbe32b8578b4164d186c1bd6ccedc doesn't match
08-17 05:37 root         WARNING  d15cc081d9735e00dac05622b096b06d84b6eeecd96f269b05bcde588304b42d doesn't match
08-17 05:43 root         WARNING  4dd1b7130045f84e7dd75a03dc802063f76687812cf877dacff2a645a1b0991b doesn't match
08-17 06:00 root         WARNING  2fab5e87b7c82a3ba87725011a55903b9a274811823a68c07eae4fefdfe48130 doesn't match
08-17 06:00 root         WARNING  22d13a3bac33391cfc29c74322f25716da877c27601fdbf409927fb96ec09b38 doesn't match
08-17 06:00 root         WARNING  cf22ecb404ef19d4480f48e0a53463e82b3680061c4c9e81c5b4ed79f27d27f0 doesn't match
08-17 06:00 root         WARNING  fb0b72a48662af546ebf246d87542c1c9317b258bbfc2a5ce63a507dfaec65ea doesn't match
08-17 06:00 root         WARNING  04ee297aef43d5cf81eb490a793926dd2e5933f72cecb468f826fe22969dee12 doesn't match
08-17 06:00 root         WARNING  2cc1762c41d7712359bc8c00b05a07b35f1d7255f5033387197b545f3d11133d doesn't match
08-17 06:00 root         WARNING  ae71c83a2aa250d1857719ef4a7f22b84813f2464347234d8f00f5026fd43ab4 doesn't match
08-17 06:00 root         WARNING  53bd4c480438951f95fa6936da9693ce539b7b29e93887a9fffe9ea05cc86b9e doesn't match
08-17 06:00 root         WARNING  9e03fe7c9d02a0c9eea6d973cc2ebe489195cfc1928d06aaa74e2ecf0fd55b1d doesn't match
08-17 06:00 root         WARNING  91123c2f312b1091bf945f3d6e8f7cb2fe04f9c6e8fe2a86c2a5ef699f474c2c doesn't match
08-17 06:00 root         WARNING  774c01908e43f9b1277631bbefbc08cfcafbaad466fbfb15114f8d89db897e89 doesn't match
08-17 06:00 root         WARNING  6c4dfc9094b36e71485523d3d32ccc7a8381987fe07ff9b6b6a7e1eb1af119bf doesn't match
08-17 06:00 root         WARNING  b866ea0500118dfaa1489cd8996caebfb6cc270310d7ea408cac81cf07a67efb doesn't match
08-17 06:00 root         WARNING  4a7ff5c5e7990bd92b4c4820c516ae706fd38024cb9fd9447b9c761bb2727aa1 doesn't match
08-17 06:00 root         WARNING  1b5f2a254cd189728c75f9a52b837b5d74b2bb39baf4baf29bed4bfa6d035c8c doesn't match
08-17 06:00 root         WARNING  f1ad308d433f8e04517fc74e6ca9a5c8cc43f9ad9fce218e83194a8cb37b6b24 doesn't match
08-17 06:00 root         WARNING  ca5abce851782a384343543242888ed42061d961f77abd15e4a04affc6472b19 doesn't match
08-17 06:00 root         WARNING  5742eb7c42d24425b5147c455c67abdcaf4f7c18e6106b3e70e1a064a4a5f608 doesn't match
08-17 06:00 root         WARNING  1425391ffc41833c41bac0571c62300ed68458d9b04f485f40ef78be54d995d8 doesn't match
08-17 06:00 root         WARNING  a9b895082223167492851cc080f13095b785bbcbe001140bc1f72967c4c38f11 doesn't match
08-17 06:00 root         WARNING  a923b04056d1db14aaca14eae70113ce53db8a2ea2b0f830248ea390180b263c doesn't match
08-17 06:00 root         WARNING  fe9cd866104b045b5b28ecb7926c7d91b5d3b65654243f3a61516b0937d49507 doesn't match
08-17 06:00 root         WARNING  826387732f7e56385f039b171b3503a431ac52e78cdf829a63a4252ba8f8a881 doesn't match
08-17 06:00 root         WARNING  1a2e8130b6550c6a7e5d691d85b056dfac8151f03a8573745d109eefd7e9da3f doesn't match
08-17 06:00 root         WARNING  ebd2731f99728ffc371f700687d06febcc64b37c6d3c93dc79c3b986fa3f913d doesn't match
08-17 06:00 root         WARNING  6fcd0d2b81bc9f7521b9b8ce0ac6b6775260c81f3fbd1a693520296029ef6d4b doesn't match
08-17 06:00 root         WARNING  defcf6248280dd0794d913887d412bbcc9c388207d97ba123b68eaf39dc5092c doesn't match
08-17 06:00 root         WARNING  6adaff8e93f47aa7e5812bb846d642f8e92613d2073f652e2e6c7834f3826acd doesn't match
08-17 06:00 root         WARNING  dbdcd9eb4a735e1cd9bdb4f4e50b2c35e0a7d4dd3ea73487572fc8a8b1920418 doesn't match
08-17 06:00 root         WARNING  cba6610d6a34b7d520c874226509295e45ea5344a4af43cea205e6d3fd99e44e doesn't match
08-17 06:00 root         WARNING  8f380af6d0320a6bd4a0ff1767e01ee6b4f95ee7768ca2c9ba09b6681d21ddc9 doesn't match
08-17 06:00 root         WARNING  0ea933c7ded8278220640f3f8d69798221f311693e50cb04b436923560d094ca doesn't match
08-17 06:00 root         WARNING  b6f5bafc72e3e6ee54e963cb47e35ea405280ef107e8dae70e7bc88df28ac2e7 doesn't match
08-17 06:00 root         WARNING  b9f5d5f1b5a9a0c33b712704f9a88b61944651a11d9477188f89c1827bf0c29f doesn't match
08-17 06:00 root         WARNING  290574f3491788c30a3f6fb7f986ce69f62bc1d86e684f581f18c16733c3561b doesn't match
08-17 06:00 root         WARNING  979c67b19eb3e72a8f85d48181e2380898f6cccc76c4595f3198bc5c303b521f doesn't match
08-17 06:00 root         WARNING  3dc0ec35846bb661d0ad6d3029f04c755134ab9d9a6ddb412e6820580703a444 doesn't match
08-17 06:00 root         WARNING  2d32d11d00f86c2a05f613954175bba1b98b387c2fc256a63f2dbe873bb3ce0e doesn't match
08-17 06:00 root         WARNING  77512a5321a4e34dd5efe51fde749eb72276454bb76c70b3cd1ba5312855c962 doesn't match
08-17 06:00 root         WARNING  483c5dc623cf44f230ddb9e57ee52062c93bb57b75b1565c243b35641a9fc171 doesn't match
08-17 06:00 root         WARNING  9c0e4c4fa3014989b74e1d4d5d5cc4547074b8d40b0f3dac667fe9e607068fdd doesn't match
08-17 06:00 root         WARNING  de54605dcc4fdc86c83ad99d83e23cbb2ab19b35d278e1edb6b2a4b081a1ec06 doesn't match
08-17 06:00 root         WARNING  d3ba652b7118e7de8c07463294c8b9542e294bfb56cd68a6d08c38abe69dbcd6 doesn't match
08-17 06:00 root         WARNING  9cabb1b803bafd4ed0db49ef2260bcb80af58c7d29b7971c22626be05a8845e5 doesn't match
08-17 06:00 root         WARNING  45f8f1ad81e46f018bb784c7ff9fd7ec9715c0c4776d175f39717678dbdc4c26 doesn't match
08-17 06:00 root         WARNING  0da0f4ee31a0300d75128440727bd05fefa76c5b64aed6b24775d44c12c1be3d doesn't match
08-17 06:00 root         WARNING  f35f091d4153e329d62588d1e1058d2f8173feff134fd74ff9f4a133522245ec doesn't match
08-17 06:00 root         WARNING  ffe0e9263d7d5743cca5ed69bd322926e01685effb51f81865aefeee7c2c7e00 doesn't match
08-17 06:00 root         WARNING  74e5a78a81edf7d8e0dc4d397386a240dabf3e780b6842a3d736e190af96a907 doesn't match
08-17 06:00 root         WARNING  726bd70bbf0b140933af7ff2075e433964d4147dc227ac77a2e880d537dd2847 doesn't match
08-17 06:00 root         WARNING  e0864bffa22f930c83414ebda866c5b4f1ba23d1352ca8f959c16b7e65bc03fc doesn't match
08-17 06:00 root         WARNING  6f6df7bf452512a4ad2d2f930a62c626ba6e0f5b1a60496c7cdbe0191b1e82a4 doesn't match
08-17 06:00 root         WARNING  d8650ebc5b8233be5b58842571166459f9d9262e6584804919646cfa8f3e2435 doesn't match
08-17 06:00 root         WARNING  d3f651798698eba32506b81aa357bebfbd6f098183b096dcc3b907e09299a78e doesn't match
08-17 06:00 root         WARNING  664d80c40088450db436604dd5701417104954dac87363b8bacc5d2bcff63d62 doesn't match
08-17 06:00 root         WARNING  c5973b2ee7b9a339e2f21d76d9f6e24425df03d03325eb67da0a7414224415db doesn't match
08-17 06:00 root         WARNING  64c54bd949f408c278740e058a437207fa5d710331327b15eb43a0711a346c50 doesn't match
08-17 06:00 root         WARNING  bfb52fdc7c459ccc07cea5d0d4b5e8d6ca43aab7cf44e4558d2b42f4c0bc2fe7 doesn't match
08-17 06:00 root         WARNING  199b7c4b0465436ba103bd427d1a4a02f78b68d7d492ea408d9036a6999a0b45 doesn't match
08-17 06:00 root         WARNING  197d85873b34bedb363bff3a4fb165fff24a103a1bdd987dc52f72c4ba55e1ab doesn't match
08-17 06:00 root         WARNING  baa35eadd9198d58663b41029982083248404b604a8f58b3cac226637690cf4b doesn't match
08-17 06:00 root         WARNING  1811d88ac61266ac786b40426edb90ea647b17babb0594605bf0edd1fc5eedb1 doesn't match
08-17 06:00 root         WARNING  58574eafec0ed3cf8a3b40f9138a4faa975a3d29aaacdcfd500ea0ad24023e4a doesn't match
08-17 06:00 root         WARNING  12ca6ee565c369e5d39173c8248995b7fcca9b38e19dc53e52b1253c8792e2eb doesn't match
08-17 06:00 root         WARNING  249d31ec62da7a1de1b1c81de6af752a2ce73f287a8c4a3302655095b1206e56 doesn't match
08-17 06:00 root         WARNING  2494431ac9864e5d181fc74de95e478adff26d45c63e46f7e8ba6eadc32faefc doesn't match
08-17 06:00 root         WARNING  f88e102dedcff1fa8942a6d598e560f1697500c8bf29840097172613395bb3b1 doesn't match
08-17 06:00 root         WARNING  3c208e961d0f892d52f1f58a1c3d7086e9993e886ffd5d96372e0daeb0b998c1 doesn't match
08-17 06:00 root         WARNING  ea2d098e71b0d17c600f8cc27f1a2cc410a97bb0486ed5baaa60580c411bfb05 doesn't match
08-17 06:00 root         WARNING  705bd45d4930233cadf73878e3e3bd25cf817723d928ee65c11d8856ddc19601 doesn't match
08-17 06:00 root         WARNING  602caa51060b9fe3a0b73471c10fb7ce230d983aae311c1046ae71ddd980fd36 doesn't match
08-17 06:00 root         WARNING  040f2334f99913b31d68d7b98a12772ac92d26535cd77c94707fa194ed0f8cdc doesn't match
08-17 06:00 root         WARNING  5e2146deeec2e7cdf9a1d31ab6c0ce7af7b9cb940dfc9b560ab5b587b0b8b7bb doesn't match
08-17 06:00 root         WARNING  b53e829bfa6a9efdb1112782c167d8d24ea4fc5ab768f553b756d187dd8b68cf doesn't match
08-17 06:00 root         WARNING  a6b4c11da85e67499d6f9c293d2f3f1f4a398e5fa7c16f7fcecc79b2171bc9d8 doesn't match
08-17 06:00 root         WARNING  a1502456864b4d1e74eb8eacf151fb1478d30f1326cf0fff448cb44c4106a7bf doesn't match
08-17 06:00 root         WARNING  84eab259980319533226e2e44087b81971bd671c8d3eb42bf7fe83aea094c753 doesn't match
08-17 06:01 root         WARNING  01abb0986433719ced72247f5f6183585962758b20907a4a352847985739a562 doesn't match
08-17 06:01 root         WARNING  be406513b310424d9d2bfd67b2fcea112b1dfc7d457091174ab8a95cb98537ce doesn't match
08-17 06:01 root         WARNING  2cf112c7bc2d6c9e4038c848f33f054fcafb12e80c89a662ae2f713c278dde0f doesn't match
08-17 06:01 root         WARNING  bbb0644017e4aef9d820a9cca21d8cf521eef76391f252fb8885e6d31aee4150 doesn't match
08-17 06:01 root         WARNING  29adc3a150dc1fb69f174c6fb1fada33ff9642223b53e0e9afe336511fcf080f doesn't match
08-17 06:01 root         WARNING  1a98357b11cd4930c376eb774eca8d162740cdf376d60a2d488b777971f30810 doesn't match
08-17 06:01 root         WARNING  17ac5f80536e966207446b08a8b85a05bfb036e0863f6f5c5fe13c83a43b5d63 doesn't match
08-17 06:01 root         WARNING  662d6f54380d12aa3d535671b27f5b1b743fa7eba21d81e2d076616557274203 doesn't match
08-17 06:01 root         WARNING  76a5a141f6105c8362a8dd8ac161c09a8ca93a0a222add218e14aea22252a1eb doesn't match
08-17 06:06 root         WARNING  779bf77b7d41729e89d62506b05e6ca883bf1f209942f14852c7da59fbaa144f doesn't match
08-17 06:06 root         WARNING  26bde88051cbe283b68c5130f4e14c86e750e7eba79c3405ec7afb09bb924b95 doesn't match
08-17 06:18 root         WARNING  136becd0892fa38c5aca8104db8b90b3a0e6b40912b7d1462aed583c067054cd doesn't match
08-17 06:20 root         WARNING  2ae22a393045a34ab634788117422607f092d061d39549c9b3e96259a5be0361 doesn't match
08-17 06:20 root         WARNING  566c5cfb8f538505fcb22409350a121311144dc842448db53b90abaad0bcf7ee doesn't match
08-17 06:29 root         WARNING  970b435253b69cde8207b3245d7723bb24861fd7ab3cfe361f45ae8de085ac52 doesn't match
08-17 06:44 root         WARNING  52a364439271e03dcc898fd7c2abcaf24d8a62ae4312c40ce5c7b134276daf57 doesn't match
08-17 07:02 root         WARNING  f0ea19ea3a9184b06e8c4027eb2d99eb9a2b38f4a3f0ae45b898c31a9c8aea16 doesn't match
08-17 07:14 root         WARNING  665f40104c7c66b9de31c61010c583c499b65f5e45ca51b1c193642fa952e639 doesn't match
08-17 07:14 root         WARNING  d355e9600b098b53439585f3a9fb5a8e1758a61fecd613653e4af49ecb18635a doesn't match
08-17 07:14 root         WARNING  49f1a19c2df19db3b21f29a9e35c34ae1740c2bc50604dff569777a6062d6c5a doesn't match
08-17 07:14 root         WARNING  cf38264dceb6aac5f334ae0009ff1708c9400aa4830f33c4d956b1e86fa09aae doesn't match
08-17 07:14 root         WARNING  1bf308a0ff57449509015ea72fe315f4b806851ecc889d5ab51db79455dfcc6d doesn't match
08-17 07:14 root         WARNING  dcab36859f888b9beb6310ef42254109bd9fa577cd0c4d92a81b54968e6aa09f doesn't match
08-17 07:14 root         WARNING  ed0730318a38ab777b43f178cdf4d3c513638fe357f6f66d2cd4476fb026c65c doesn't match
08-17 07:15 root         WARNING  bb3bae711a70fa6e3b03d3242103aa5599d9a63c6ca74d8099ac100b8e834370 doesn't match
08-17 07:15 root         WARNING  4c05fab2796f2f6ca10c22c0cc9680637e206625d8d9f12ee9084e60ebfed7fa doesn't match
08-17 07:35 root         WARNING  e4b115520d4441678939e26bb06db8a5b8c19b499bf16f3549c61733bf16fd28 doesn't match
08-17 07:35 root         WARNING  b6e17914f993256089831b6947c42e5c6e247f9740cbdc8993de7ef4a10bb846 doesn't match
08-17 07:35 root         WARNING  d823ac824dd56468f4e2ea610eee5048c18f9eb6a723a56b0ad99039e682ab55 doesn't match
08-17 07:35 root         WARNING  e618ad10adca8beef6d4f506b06e1b960b1032006cca5b2bb957fa52731ccd19 doesn't match
08-17 07:35 root         WARNING  f7188d53b5159c7e294c3816127985be8f3bb40d9c8b71afd9fae739068a871b doesn't match
08-17 07:35 root         WARNING  e2c1fb88365543c1a0305902c31ba3cb74c3a6362ab432520b4ed915ebddd7fb doesn't match
08-17 07:35 root         WARNING  14597173193d6af37c1c96622fc4c996afed55d9d6f361147e05eb6b397bc610 doesn't match
08-17 07:48 root         WARNING  1e93800fc34863f6c4a215c59cafaeeecef664c68f36603b6219c858d9124d59 doesn't match
08-17 07:48 root         WARNING  24f4d229edace44d9123628363a16cd7041f5d34ba6bef812807b9be03a64692 doesn't match
08-17 07:48 root         WARNING  06ea3c2a5fb79f622d3e3def7c6a20274274fcbf9ec69b95bdfe9b347bbbdf76 doesn't match
08-17 07:48 root         WARNING  33ded823c091997eca8a8e35c55ba011347957c8276f09dc5a29193f581a3caa doesn't match
08-17 07:48 root         WARNING  c794b779b358d32eeceb2a435656e9fdc1599a96f07baa1f07a9baa82ae37a23 doesn't match
08-17 07:49 root         WARNING  756a65eb23b24f5f636fa3a3b9b4b544d0adad2806f39fd05cd731c50458b1f4 doesn't match
08-17 07:52 root         WARNING  225e8cf022bd8fe4c4b4f5aa11e1816c5bcd17dbcb1fd93894c0033778cc2ace doesn't match
08-17 07:53 root         WARNING  e97111fc3a21b7d56cacf6bc723822cb4804f40dec48e1ada3e87c7fae85b084 doesn't match
08-17 07:53 root         WARNING  41e5cccf3b11f9163a079d5a4498d40acf4d3c98bb8e6a9ea9dd351b2c0380e2 doesn't match
08-17 08:15 root         WARNING  9f420d12ee5c4ebae2f8e74f16bdefa2a61ac29957ff3e7730eb81e377c58754 doesn't match
08-17 08:15 root         WARNING  a8da1e96db778dbf3f475190c2bde617d1cbffc5a181d16c995d5d394ed07314 doesn't match
08-17 09:57 root         WARNING  8da0535aa0fc199abee77d9cb3f83411378c6302cb60925e1020de3e54bce3d6 doesn't match
08-17 11:18 root         WARNING  073485b9ef24033c39592f14027afd19ddf6cab7b2a1a797d8fa4cb0434c8afb doesn't match
08-17 11:21 root         WARNING  36415ea039cdacd354677913be3b179da96f97bb32f18e755d6de41ff9af60c4 doesn't match
08-17 11:48 root         WARNING  15b11e8d4e5b9425f024b381ba0cb7a54a35e52389bb4855f505772ce685b39c doesn't match
08-17 11:50 root         WARNING  ba75bc1cd9fb090824e8ee324b6caddb0059c615babd3a79725a39fc849918fb doesn't match
08-17 12:53 root         WARNING  594d8182c5f1bc5b3e54b9c2334b7319fdb626f437d75550f75ca86fb4c389a8 doesn't match
08-17 12:53 root         WARNING  9722a3f7182d97b2e4fe10d2624292f071140cad11dd8272c66f171c084e931f doesn't match
08-17 13:56 root         WARNING  52a16a4b7e7376f25151c7362adf3fd5165ae91d013ea6c9d43a4ddf0959bf42 doesn't match
08-17 14:01 root         WARNING  0ac38af21f40cd621ca9ea5b473c90883dcfc5f667a21790812125b66e597782 doesn't match
08-17 14:42 root         WARNING  38f7652596c3f72b5e0aeaa8f778292d5e316f6c06b86be92454044d2866c123 doesn't match
08-17 14:42 root         WARNING  d47d48724f6d70bde01b7bbfc39b03c580400cf3f9880e7b1622a1bf603e3b25 doesn't match
08-17 14:42 root         WARNING  0be16e920f1b34644a87a755297777ee5769b3dcb91688568e91b3fe8b15171c doesn't match
08-17 14:49 root         WARNING  973e1c4d9bd2bc5a3c4a4af23f5df299c79d88fce53010497c5a18c2ee0336ec doesn't match
08-17 15:07 root         WARNING  c3e384db67470346df163a2fa50024d674ef1b3e75aa97ec6534d806c82fee7e doesn't match
08-17 16:18 root         WARNING  9f167a9cd1bdd91ee02feaad60b2f2b35d2d30d6fc8e3f392d926f614453b654 doesn't match
08-17 16:36 root         WARNING  30d550501a80dd342d94d3605bba759ddee0a7fe3807892f4188a6985d97521a doesn't match
08-17 16:48 root         WARNING  da7b34266ba43add9f7507f51f30db91a89d742a639dc542dde02f4be4cc9c91 doesn't match
08-17 17:02 root         WARNING  95b2b46332372bb6e7a7912416bb03a6d145f505e878c85184e096b0e39c7225 doesn't match
08-17 17:09 root         WARNING  cef37e7a65136923349433e44128eb37286e16303f61bf29109cbdc317fa9055 doesn't match
08-17 17:49 root         WARNING  90ea10f80735fa58c9c3a5c71b2207951c45e31de38d5245a87575834ae798ca doesn't match
08-17 18:07 root         WARNING  247ac52d790aca5717c3c928419278e5ea90cace1a332ceb498fb7faefa5a604 doesn't match
08-17 18:14 root         WARNING  7bba5bebd582da642dcfcc3fa7839eaf60a0e605374507195164a761e1090634 doesn't match
08-17 18:14 root         WARNING  8aef52f86d502ddeb028b74801d3acf0f05dbd5ec72c3759a465764952d700e5 doesn't match
08-17 18:27 root         WARNING  61431fca4d102a0399c21d9e3ba01463275a71c58a624ffab7762bd481fe1876 doesn't match
08-17 18:28 root         WARNING  b50f1356f9b8348d302f5462acad5e83e93561ba95083f663ae79b76e0230d7c doesn't match
08-17 19:22 root         WARNING  19b6ed73739edb7ea049d8787a23788786583b7bb275137ccc42311e434050b5 doesn't match
08-17 19:25 root         WARNING  b7f0ca611bcd76a923d77eddc56ac0bc67c322dc79f02d310195b0535b18da90 doesn't match
08-17 19:36 root         WARNING  f482cc27c67f28c037029e45f96b05789e9ca38e7f0ed0205282162242898a3b doesn't match
08-17 19:36 root         WARNING  7101c5c2e76c83840a938a289cfdfa7af0773c2975f28231aee5186350d30069 doesn't match
08-17 19:41 root         WARNING  dd754e98867fc8eab853d721d32a160418acca020e6dddeb27592c7628177486 doesn't match
08-17 19:59 root         WARNING  57205a220c6d4480cad10cbf6fb76d5e67776f76d98667f04cfb53a67a1e6117 doesn't match
08-17 19:59 root         WARNING  c000a6f1c7db12e5f45de129433c1b6397e7c6772668c278e2b63af414bbe015 doesn't match
08-17 19:59 root         WARNING  fa5791d7f95425c025b727ef1f68951116578cf157e5703d861535c4bc426731 doesn't match
08-17 19:59 root         WARNING  85a110afb1093db825814204fee9063bcdb49cfe07bb9911d846a8edbe37692b doesn't match
08-17 19:59 root         WARNING  182804ceae6f6c47ab765b3dd25d229cb34b5aee60502581993839f67063f1e4 doesn't match
08-17 20:25 root         WARNING  d9a5238f3c59626f11154631b58d3afd29f095d10feb68e23f39c87e45efdc23 doesn't match
08-17 20:45 root         WARNING  db84a4747429e739657234d194108d0fa17f137b2eab2afd21512952818fb696 doesn't match
08-17 20:48 root         WARNING  23196c9deb414d902c6c9ea5229e43307a321ccfba3ae183986ba057406ad453 doesn't match
08-17 20:48 root         WARNING  74e0e462fcd3abc7d438a9aa831e7b4bda7eaf771466a55b660dad43efc3db5b doesn't match
08-17 21:45 root         WARNING  de002ae51bd44c501ef583e2ceaa88f146e983446dbd528a864c3196ff967a70 doesn't match
08-17 21:48 root         WARNING  b05a41607e07f83a5e8bd5441395952969916f8b98b480ddb88f9d82ee77c4c3 doesn't match
08-17 22:01 root         WARNING  59061164bc6e6826c8a514819dc633b124ad3b76d1a4465f4917e22b02c81a65 doesn't match
08-17 22:06 root         WARNING  2147470551e73c16d62dc5a8d5d1bd0c92cea12a23308b74eeba972d3633faab doesn't match
08-17 22:06 root         WARNING  c45948b93e2defe40271a4779e9f504cd14fb09f1c7665471c7b690f443c5001 doesn't match
08-17 22:06 root         WARNING  ef615523e37d80373549d2a073247104d4a050615e3b1521addaca0a97663fe9 doesn't match
08-17 22:06 root         WARNING  0cc57ebe88cac54bbcb2f28b9ba1772b47c67eb8f013a0965b2b46a27f8bdeef doesn't match
08-17 22:06 root         WARNING  75cf7ab858c68f39ff8916c58358921085eb090a63c3438f648ea802552862fa doesn't match
08-17 22:06 root         WARNING  20117901e33b2ca4b4c6f9312d0d5929d1a3d2f2a2d12469909fee931f0996f9 doesn't match
08-17 22:07 root         WARNING  560bd17546c3e9de408ec55620f2ad16fa1a57913a6fc8758000645bef6b7921 doesn't match
08-17 22:07 root         WARNING  aab7682dd2b5df720b6aa6d43023de574a7ca807e51fdc15f1b6f114d1ab6789 doesn't match
08-17 22:07 root         WARNING  6b8d765838c1f1fdad165d5f6af5addca432d260f3965c45a4395288297d2112 doesn't match
08-17 22:07 root         WARNING  c3761236d94a6e3ccea9f0e014e6af8bb8d858cd5271be3cf84c586f1c3fa0cb doesn't match
08-17 22:07 root         WARNING  a3a990745823b6985ee5811fcfacd3144105c970787ddcb40bcadb2433a514cd doesn't match
08-17 22:07 root         WARNING  b294a9345a18ab253f32d484310b38f5398d3c14e91e85e4ff5fb4482c64c333 doesn't match
08-17 22:19 root         WARNING  238024a0808894e76c2ec6b1302f37d71b60b27a719f758c0fab4212c84423a3 doesn't match
08-17 22:21 root         WARNING  401d6a9396c02e110048c895e8ee1ce367a995a23a970af5044987b1e0db95cb doesn't match
08-17 22:22 root         WARNING  03d32389843dfd2c606f912270e6f5662d4eaed54d994e74a2aa02c58dfcf7d1 doesn't match
08-17 22:29 root         WARNING  0d49ad441479ab8aa67c2c3d987dde462f6fc8840b682a1d7ac5b63b940c0f18 doesn't match
08-17 22:43 root         WARNING  376df2acc7affe10d710bf1540de3750193a4647ef3b743f4e1d660b58307e73 doesn't match
08-17 22:49 root         WARNING  f716eab01c5331c0d705d4045298b1c33648dc3a456d27ed2d292250452fe738 doesn't match
08-17 22:49 root         WARNING  94ceeca14de7e20cc2359e2bff69687764342479ffb6468e71ffdb6d6b9912a7 doesn't match
08-17 22:50 root         WARNING  1a92f544ac475a06d4267840468e7dd77435f26cde914bcbed3f6fc63549d097 doesn't match
08-17 23:07 root         WARNING  61e5bed4a1567a796c2eff36b20f040f6bfc0f9ec2e22aa6fb34c65af5dc77db doesn't match
08-17 23:10 root         WARNING  9e618644fc74c7a75a29b02aa5f6cda7853fe76b398dd58aeba3e91e94cd97cc doesn't match
08-17 23:12 root         WARNING  6664a6ac99e0477505a42bef70f8c2d281efbed1c228ecd7a53baec382e23444 doesn't match
08-17 23:12 root         WARNING  cb1e303db604f066225eb14d59d3f8d2231200817bc9d4610d2802586bd93f8a doesn't match
08-17 23:12 root         WARNING  756a9959b9547bcf173baf3378d6b8f3548e119484eb2b21ed751a8a2e6485fa doesn't match
08-17 23:12 root         WARNING  7b529466be7a1286d9a898bc81e41ebc7f5bb9594b40478ab3f3096130c21ff1 doesn't match
08-17 23:18 root         WARNING  a28bcf579aa6a870c4fc4a4b3ccd28a1c3a2c1f38a29392fd0cebd7e33a424b0 doesn't match
08-17 23:44 root         WARNING  b9a5fec58e889a5bb2fb8565374203ea3ffd28c7f64cb9cbca9720418e2d793e doesn't match
08-17 23:50 root         WARNING  587558563c007ac58d61c034e392ba39917ffa54e12fb3be9692c995963a9e16 doesn't match
08-17 23:53 root         WARNING  ca6d14df148046b9c88d1cc9dea38ab6e4d85d199a13015467335aba4fd6d20e doesn't match
08-17 23:53 root         WARNING  17022af578a2c820b2ada55307cf27b3d62e6fd20a76fdb16fb4ca03dd8180d1 doesn't match
08-17 23:53 root         WARNING  65ea2b5db169ea29dca819268e67817e3354863c38883f26d368371079efe75a doesn't match
08-17 23:53 root         WARNING  c2b5fbea4d6fa726d2a4cb849c99420100a3ae8110988b0cb0bca3025f0a9ffc doesn't match
08-17 23:53 root         WARNING  973e8dba64a2aafc959062cc87d0749cd30823c5ec7a52f1b87563399d07dc13 doesn't match
08-17 23:53 root         WARNING  56814b2d75b7a3ae1feafd1e5d1571bc16797e2de21b6ddbdc119cd6342b3b90 doesn't match
08-17 23:54 root         WARNING  9726e74cf5b6491a963f977a420d4cc24fad49a887ca079d2b8d37b862234431 doesn't match
08-17 23:54 root         WARNING  2a5698f4d657b52338fc10943818b5fcbb6def3dd769b7184da6b3e3cb1dc645 doesn't match
08-17 23:54 root         WARNING  613c842c3f1d4ace38a5c10ae76ee61d316d9fb6abbfe6695d65310ee9471771 doesn't match
08-17 23:54 root         WARNING  b8b0ca0d0b3989bc40f5de013919e779e39ee09cf80798f1621ed668bca502b2 doesn't match
08-17 23:54 root         WARNING  61007f24deaf879a10037a2bd0dd217e9e187ea6dbad67b2c275133149819323 doesn't match
08-17 23:54 root         WARNING  10241d620afa03949d736e879aeb98de300b9b24fbd5764ebb91b496553ac9bb doesn't match
08-17 23:54 root         WARNING  731c2f0dbd45b78aa15962b874dba5dfdb67af051fd90f138bb5a96e9400047a doesn't match
08-17 23:54 root         WARNING  a953f027c0cfa65aac96c83c3670530eb00d010ae1e8a842726fc97ed2d84892 doesn't match
08-17 23:54 root         WARNING  d4f8117d53f8faf4a7d589da119d82d636602b50caba031c89eb05869b187b9c doesn't match
08-17 23:54 root         WARNING  60a986deb736de9c1104eb6d1793a2a79dda655901168bfea0853c1cbbddc541 doesn't match
08-17 23:54 root         WARNING  0de633eedda03f16cab1e3af058fc50213aa7c3a85f8d6f5ead95d2fe4ced36b doesn't match
08-17 23:54 root         WARNING  1ec77040af41d31e788a5d78a6c5bb21e02dcc9ec86e6a1ca84f9bf6148264ab doesn't match
08-17 23:54 root         WARNING  db4845a396d3db0d82b2d1a76c9383b895e871ece5c81ec6da4a3b488d7c631e doesn't match
08-17 23:54 root         WARNING  a698aa3723fbd2cbbf3e79dfbf9a4e8ba05edc349527b52c0a6689ec34a3522d doesn't match
08-17 23:54 root         WARNING  b38cc3e0f0269716b138d0acebc2794f3f7fb18708b37d00188667115520b338 doesn't match
08-17 23:54 root         WARNING  48e8f03aa5cb94f7d50bd297722aaaebe9a7cd64254cb36118ccad18df7f0b46 doesn't match
08-17 23:54 root         WARNING  afe40125cc74201865cf55f2ca144c53cd4584883e895c7440797a639cf6202b doesn't match
08-17 23:54 root         WARNING  e418afde753c84ece883906c0d612e9c3aee0f84682bfa5f6f97ff4967096a98 doesn't match
08-17 23:54 root         WARNING  23c1f427dd1b5a2bc7655def1db0ce30d3691272507d32e482e9ca43cde83b4c doesn't match
08-18 00:18 root         WARNING  e81e0f2b4ab3abf1ab6a4b4516a9b3ca7f2853e25dbcf4a0b1406b066ab30540 doesn't match
08-18 00:18 root         WARNING  22bb2b5d7ce2d2e021d2decaaaa12ea6bcfc47be98f2c7edba1a4e77b14c2f44 doesn't match
08-18 00:18 root         WARNING  a4cc5bbc8338b0cdb2140a46238a95d60b6c8d0b10856feb996c20fa2831ebbf doesn't match
08-18 00:18 root         WARNING  fec090d65dd84e122e8d42ddc1475f649e8d8328ebb04618ab89d511ca08016f doesn't match
08-18 00:21 root         WARNING  6111e1d20b44fe424e226ecd005ccf75d65adcac3312511cb3aca151f0d8feb3 doesn't match
08-18 00:34 root         WARNING  7fe48d23caaa54215cc8fa9084c0170fe7d2b88f619a8d36718a54e56ebc4047 doesn't match
08-18 00:34 root         WARNING  a56565f1c2ef07bdcf7c2c561ee8e070a8e57987a5741da40d008d47f0d4a021 doesn't match
08-18 00:35 root         WARNING  3a38c946ea1ec70be81f3f3ac1ff270aabcb4679197f5497bc29afafc2285d64 doesn't match
08-18 00:35 root         WARNING  d5860f8a40fd03ab2244e6c2d625b45ab1d2433f75b26cb5a06640766de88efd doesn't match
08-18 00:35 root         WARNING  f4de921b1764d7d18fb21d9944acf4a3058f3ff7e32c398a46a955ffd008983c doesn't match
08-18 00:35 root         WARNING  acd25efa1dc9a25fc5b35765b72ac3f527c991ad40ea0a062cdacf4497222b3c doesn't match
08-18 00:35 root         WARNING  6ade2578a3b8b6bca565a37f248ab77235f2876256163fa083470d2f1b50ccb0 doesn't match
08-18 00:35 root         WARNING  a9aaae9f52c39ec3d863522dfbc3386846c905ade4dc017360d06101c3994509 doesn't match
08-18 00:35 root         WARNING  6994ca73d454dce55bf7128b2f6b6cbd78479168f5f5208d498460eb4710d097 doesn't match
08-18 00:35 root         WARNING  64ae61438c29cacecb6779ee3100688a2993a832246d209b0aaa940c1f96b7fc doesn't match
08-18 00:35 root         WARNING  97522e62199bac889f43657fb052f0bfd1c72808d672a86d9452b3d847e43cc8 doesn't match
08-18 00:35 root         WARNING  29fbe39d707778137aacd16661d9124cc22d4699130f42562f08d4bd16dacbfc doesn't match
08-18 00:35 root         WARNING  23f7f39b1f8c82eb8748ea5d2f9046910d673df2c5f636b5b53400096ab8844d doesn't match
08-18 00:35 root         WARNING  7ac66870f012df8dbf4eb722fca456d224ef03af67c92aa7656167bbcedd1aa0 doesn't match
08-18 00:35 root         WARNING  1f3634ffd5320d6d0eca39e2467809031eb96ef92440ac765242b87b97bd2509 doesn't match
08-18 00:35 root         WARNING  19bbb166581e51c2c13eb6f1f5276bc7f932db824a1f8555846b6b73ba033753 doesn't match
08-18 00:35 root         WARNING  53188267cf7fbab8255c81599a28ca399211a689f66c6a84656cdb7a5ab04102 doesn't match
08-18 00:35 root         WARNING  196f60ef7f12bbbe96fb9c464539f75f15e37de793c7e42f3d54a0d5e1180ea4 doesn't match
08-18 00:35 root         WARNING  ce4006f5ce9c1a1db22aceaed65fa606a3ad6f453fd0b31419a2b870d0dd4ebb doesn't match
08-18 00:35 root         WARNING  80c157c194fef0b6a3bffec262f878ecb1fe0115203584dc3d222de0fef5c4fb doesn't match
08-18 00:35 root         WARNING  540e88be56ea9362e0f743938f9a03399dc86f1f54603a314c215d389d88ac05 doesn't match
08-18 00:35 root         WARNING  2ca8b66b4d347208b6c0fe286d86db53bf7fcc3d38392c2dfb62ab55951da26e doesn't match
08-18 00:35 root         WARNING  7d7c16f8964e35f59ad34fe8389e7508dc79786376a1dd2afa38f7a9ede0d6b8 doesn't match
08-18 00:35 root         WARNING  4b9ef8615d73b96e2321b88d12b6ad96fc94cd48f7331dfbf215b8e9e010b588 doesn't match
08-18 00:35 root         WARNING  21fdb801655020b9ece90a8248beb4b76107f861a30acd3954b6fcbf35eb87c2 doesn't match
08-18 00:35 root         WARNING  3895871b3c619b596c31a3f923524529bc5bee63991610d132a9b00d117ecfaf doesn't match
08-18 00:35 root         WARNING  d472c5967e358bc115883c52b11e30bdc182ba92ba71ab08ccca953951035f86 doesn't match
08-18 00:35 root         WARNING  44aaa0f6fed46b3a2924d4ea7133eaaee5732a8da127272d479e010343c51eb3 doesn't match
08-18 00:35 root         WARNING  4db026ec020576fdd1ce9102cfaac96343e2cc9260f25f2148d45e098a7bb871 doesn't match
08-18 00:35 root         WARNING  6d35ff6a15144c8b57ef28fdca3ff6b388b82ccaa986ead2eecbf46b718ed0f7 doesn't match
08-18 00:35 root         WARNING  7c26db16dfc45474fa54523f93b2c2627689f1891cfe2776d90cca5fcd6e38e3 doesn't match
08-18 00:35 root         WARNING  90584f56f0e46df5838069ece8f6b32b658d91b9d59f56f92c9a61b4cf9a0522 doesn't match
08-18 00:35 root         WARNING  afd6956144879c4a9933da190a59c33658d125dac57547d903f116fcba093e80 doesn't match
08-18 00:35 root         WARNING  0c67468af2ca48064370befa5627aaa84207a0d3d883967c85084a0f8706393e doesn't match
08-18 00:35 root         WARNING  fd08c697dc0dd6a7607821f5a9a30e1e309bfba1e949dd1a49af2555ab554d7e doesn't match
08-18 00:35 root         WARNING  9e039442d8b067e7d3d4f72867beffdb5f11198dc207622808f096c05cbb9d2a doesn't match
08-18 00:35 root         WARNING  81aaaa884346d8e53bc78526999f8d2e1954d167980e0fc8b5ddd4ac904d492c doesn't match
08-18 00:35 root         WARNING  20c0068a9854d56768a722b13024b55a1432079ab7e26e0dbff54e03b5b3d5dd doesn't match
08-18 00:35 root         WARNING  a91b9c34a6eeaa200ad2b0bc13e0541c33914381d7a8292961d5ff5b2d3377f8 doesn't match
08-18 00:35 root         WARNING  df45dc59c44bd9f791c9d65192b35929f3f0c553c405d718d53257d7be200283 doesn't match
08-18 00:35 root         WARNING  4a11d04c30f0f672a4134ac55bddde6582612150ff17e6a1c15c8213ed2a3c22 doesn't match
08-18 00:35 root         WARNING  78eb1c9b432f077b939ddc54ba7ce84cec7a4d42a20a502c36a012cb99da2943 doesn't match
08-18 00:35 root         WARNING  d3773a920fb315c28433ba6423537d9ff797e2875a9f083b78ef0818bde8984d doesn't match
08-18 00:35 root         WARNING  db953ad0b36b4704fca13aede6c0e6ff7283010f6c18927814aba1f48d40df20 doesn't match
08-18 00:35 root         WARNING  4ffc6e51f49eb57c072a21a6858719018280b0d347622636681527d485423381 doesn't match
08-18 00:35 root         WARNING  0f1b00371167331ad3517275dbcc402adce4f497f6c2e4b7d3b7a9c820b1edea doesn't match
08-18 00:35 root         WARNING  c88f3036607f2f30e02f430850d20f63679cbd54d16fecc412c68db453877813 doesn't match
08-18 00:35 root         WARNING  f05644870e4c236c211740cbc6551bddd9d09c3299167ba7372c3f5fc110c2eb doesn't match
08-18 00:35 root         WARNING  d39a491a722f342cdf3b6708a9a64d7c66b7662b461f4c0cca2fc2fbea19e3bf doesn't match
08-18 00:35 root         WARNING  4b776f1e530d8a3585e91e3476a2f761f8e552e08e7daac5c4f0f396845727ec doesn't match
08-18 00:35 root         WARNING  3f8f1f47a38d83d6f88a9f9dcf6e66823de711e202772ad2a1f97f68726e0825 doesn't match
08-18 00:35 root         WARNING  d34adf2180ae999767614a6b991b9649286c3ad0d5b94112d9f27da4b648327d doesn't match
08-18 00:35 root         WARNING  4973e92a436e7cef686608c0da6d9130adadda26cca087f4d94b625ee1b93cc4 doesn't match
08-18 00:35 root         WARNING  2eb7b0651391bd87a55c5ad641f00aa3c065744e73606525e089a50d2f5e291a doesn't match
08-18 00:35 root         WARNING  cd0627bf707a19562d2204ef625125f5993318b6dce67a34b4dc671ac3eadb69 doesn't match
08-18 00:35 root         WARNING  b61f4961317589ef0d5d3b36faa26cb45f1747f90cb38e7804a3d12b08a6b7c7 doesn't match
08-18 00:35 root         WARNING  390fea99e7dd6a7664d97479b676d377a8b0561360fc9196b0f63d2bcb1b0d60 doesn't match
08-18 00:35 root         WARNING  d55c346123c86095d95da93758a08afd5508a4786032c53cc3c0e768c1b4088a doesn't match
08-18 00:35 root         WARNING  779c823f4d23ac8f1706458b09c76fc1023aaa68f856a6b35e810fc8908b08cc doesn't match
08-18 00:35 root         WARNING  1e79244b820d4cbf6055991ff8a341a5ef5b5b3f62e73d3dd237c00359f4b014 doesn't match
08-18 00:35 root         WARNING  644cb61519f2ee5e186a0308886a4711aa76e02b0f4c42a2ce4b5ccbfa33e49a doesn't match
08-18 00:35 root         WARNING  1c1f200ddabd4ee4c3e4f557bcca0631e577d67d68469c32122fd37b2384c503 doesn't match
08-18 00:35 root         WARNING  eafccae42a5563440c338a63b8c85452b7a503451b21e2d72933fa5f846de303 doesn't match
08-18 00:35 root         WARNING  f719ba30a098daa604aad18d77dd8bc5140f1a5699f94d6f0a67a622a42e8be8 doesn't match
08-18 00:35 root         WARNING  7f8b18fce689115501ec83d617374ee25e9a047c5b9e44473c333ac00a88a2fb doesn't match
08-18 00:35 root         WARNING  f8738d0b5570f5782d52eab1055bc5de69a58fde16a5cafae974cd141491f26a doesn't match
08-18 00:35 root         WARNING  7d0ba028ecb990b9b577e9ae3354b87231379d61d42dbbeba5e59ca808a0357f doesn't match
08-18 00:35 root         WARNING  cf56df66cf3f0fe83a06683cbf0ad87d0aded71b349ac373945e2bd7bdf6d71d doesn't match
08-18 00:35 root         WARNING  add8ffc363ad5b9e300aa05aa95ae4e6e92c008f5010a030ca1859fcef94bfd0 doesn't match
08-18 00:35 root         WARNING  0a784af90383c0b10fe68fc35b95c23a857f0cc9a356b4d97623f8bdf161a44d doesn't match
08-18 00:35 root         WARNING  cfa5fd09b4b89d5adb3df1ffa7c047fc24ffaeeb483b62fd209b1fd6e90518db doesn't match
08-18 00:35 root         WARNING  920abf1d0932ff12008b8199d5f7cefa251efce29bb7f741d9f1f73690cf00c6 doesn't match
08-18 00:35 root         WARNING  c115efa6063ffdac0d383317662ca81162bfd293eb9a98be6e6790d2e087ebc4 doesn't match
08-18 00:35 root         WARNING  b3785db1dfdcb0d7e8ba9cf2a50496948941ea603a59728a17ed9dc24c500160 doesn't match
08-18 00:35 root         WARNING  09d04e09da23dac0afe83550878cec412bebe19e681e7940625ce3a584d779ff doesn't match
08-18 00:35 root         WARNING  6178fe2d4ea9e4061790f42393cec3bfd4543b4e566684b195691cccae19f78f doesn't match
08-18 00:35 root         WARNING  9cd43842b1ec0db0b405850012fa8112e063685599a46d846fad1905bc77f106 doesn't match
08-18 00:35 root         WARNING  79a964f597dd6793e4c751602aaaaa7317194da95f0e64f56df2dae996a48ab1 doesn't match
08-18 00:35 root         WARNING  ac0bfb5b7f3484983f6fca1d2239c1c52d1ed91a77bb59eefa7d2041a810a276 doesn't match
08-18 00:35 root         WARNING  524a0f9e6e98116198e6427bc0353da9d9d2887234fed70fc5393ed891176203 doesn't match
08-18 00:35 root         WARNING  282b377079da488e6b5354ceec78263ac34dfb4ceac5235bfbee9a3088418f82 doesn't match
08-18 00:35 root         WARNING  90ca810982c72e81cf929e7d10b841aac6dc202c8cb44aff1598ea20df5b1969 doesn't match
08-18 00:35 root         WARNING  c89930b9cab75e4803dc8f98d79be7c91a614412685b093157a0e8cccbe0f933 doesn't match
08-18 00:35 root         WARNING  16b2d218dadfabef9070b43247d2cb3e77aee5043cb8d2adc1a13c70bd3aae53 doesn't match
08-18 00:35 root         WARNING  d6689ae0632f818dd50b26ee7c2ae8ab7aa81d412512f36a32e7538307a162b1 doesn't match
08-18 00:35 root         WARNING  4c82b9bfba23bb4145848631088414d30158540c5c77c5b8e64c564350dacaac doesn't match
08-18 00:35 root         WARNING  f77127a467bb4c28c5a2e70cdb4f89ecc0b9812e476614313bbf0bb55407dc5f doesn't match
08-18 00:35 root         WARNING  d8b9238fe97f4c7ab4361b20700e9d5f0243813cf6a96b2016a91bd939aa02c8 doesn't match
08-18 00:35 root         WARNING  0ee05c8b25989dabd9cdcba46401b664ad782ff94e54146f0b603ad6104eb556 doesn't match
08-18 00:35 root         WARNING  d26b6dc6d5a579f6aec3197b5c6d48675e749c50bc520127ad104127f03a3b0b doesn't match
08-18 00:35 root         WARNING  4e14b1ca3741f6d55eed33029c2d4f1393df07e77bd4c3a1f16f077cad0b1a04 doesn't match
08-18 00:35 root         WARNING  6d34f40c842f728e712a62fb3219174c8a72c641afefba1b819d9cf5a2d53565 doesn't match
08-18 00:35 root         WARNING  593a45f9ac5fbaae3aaa049d1b6cf5ff1d5efd48d661f97b528aebb1efd156ae doesn't match
08-18 00:35 root         WARNING  84e6f25ec0b8bebc76226f2f1954e787ef3443417eaae8c617ed148d9f8bb374 doesn't match
08-18 00:35 root         WARNING  32afb8830d9b6cbb8eae45ac340ff6d8e10a8a97787b74c48603f8c357c025ae doesn't match
08-18 00:35 root         WARNING  55055dc77464684d8b1dcddd1617d147fb24714bfb3122f032bcb7acee03d08a doesn't match
08-18 00:35 root         WARNING  f2c472b60ece8eba4ea498c049cd9458d37d25f71a040d02dee7855b9cdcb45a doesn't match
08-18 00:35 root         WARNING  cee6d015b3f30f85f0a8061bd9d179a421a88b9dc1a956b36c18732cbe8a99cc doesn't match
08-18 00:36 root         WARNING  45eafdaa3595b4160af0be9d2d3b8a3dc9cf49ceddb7db1c93eafce7af809453 doesn't match
08-18 00:36 root         WARNING  6974f67a8924911f19607c249e436d4bba02cba1f56545dac50f31a19ebb14a3 doesn't match
08-18 00:36 root         WARNING  8dea31aa2b1e4fdbf2c8bc6472ad3d04bc2932f8a2e2913e6f18288d25b78055 doesn't match
08-18 00:36 root         WARNING  630e12d79a0c58f198d113339176a946e4ade94ac786efb051c559df649fa96e doesn't match
08-18 00:36 root         WARNING  9f6f8ee9f05bebd67f9e23667ced443ea42e81275223c85177343a0d2b5ac652 doesn't match
08-18 00:36 root         WARNING  7f94ac8a6fddb0530f9a69ad2e5588e7e615d57dbcef025116de7e771c464b76 doesn't match
08-18 00:36 root         WARNING  fc1194aeae0a63ce7c1a6e3e4399cdb3a042f8651c48fef1fed23b659a86eb65 doesn't match
08-18 00:36 root         WARNING  fd1ea0262a81f83ef83e9eac45166a73dee8a1013229eb1b691a217b977a2358 doesn't match
08-18 00:36 root         WARNING  42795b65e9776d3a6d02c5315a4ccb9677e7aba26017f3fa22a48f0020ae52cf doesn't match
08-18 00:36 root         WARNING  93496d3e9b8cff6642096a9b06bfbf78fcf9613daaab4b17d695b32fa012aac6 doesn't match
08-18 00:36 root         WARNING  99afad7eec5d56ccc5c212eff09d447d0e0e772a160055ccfbce377d42ff852b doesn't match
08-18 00:36 root         WARNING  bd84467bd75db9f5b459f618c6d7d036f5ef8d2d283b99067313740ecb8d6af9 doesn't match
08-18 00:36 root         WARNING  0e5ef6e4617f83c6840a8951fada516da676e0f2c4e4c27a624f94fd7db37272 doesn't match
08-18 00:36 root         WARNING  3fc33d2fc8a29d1408e7d4e23794a22d4ec4b54d4d41387682c3e7352c060507 doesn't match
08-18 00:36 root         WARNING  c76109077ba945808b318952985f346016e0313eeb42419845d164497687f46e doesn't match
08-18 00:36 root         WARNING  3164f09b95fa7bb8105b6a178b34c25639d0ae521074fad4a6d4e8669545d6bd doesn't match
08-18 00:36 root         WARNING  a75ca380c1f3b3a016bda4d21f02883878bddf8b56ad3b0ffd8f25af58a3b9e2 doesn't match
08-18 00:36 root         WARNING  222e72ab52515e388900f67100503801089c4b4c7e1a9acbd0f41fd9c675bead doesn't match
08-18 00:36 root         WARNING  1058fd5e3e770d567f5e5983ebb5cb97a6bc7dce4d32d31c53ebc8ea14ca15a9 doesn't match
08-18 00:36 root         WARNING  bb9a8cb2c71f40b6004ab5c52c7ffeb03ddcb2f9d730fe18259ce0a57951b63f doesn't match
08-18 00:36 root         WARNING  4e372311449036673b97149efe0306eb1436db0c8bcf0fcb5dbf4e211d25f734 doesn't match
08-18 00:36 root         WARNING  3829e0297211ad009a140704519676fe73a81eaafaf37081bb8d4b47b6ff4ea5 doesn't match
08-18 00:36 root         WARNING  ca24bb8b5a9cf5a0f1ad5e85c8189b1f20da21a39b7b0d9d7e1b8c3ab551248b doesn't match
08-18 00:36 root         WARNING  e179a33b03c03c34a718e6d4bc019f60fd40d02ae80feb8f1787e06019e3603b doesn't match
08-18 00:36 root         WARNING  0bc8d0d741305d2ce85a2c14c238ece93d5daa8968eaf2432dceef88b8d9430b doesn't match
08-18 00:36 root         WARNING  5457b35e1727480e6a97dbdfc03fa1cc22e605f99792e7d64b4626b93a70488b doesn't match
08-18 00:36 root         WARNING  949d4dfaff2b9d11e721aadd05f141e90afc21d3dd37f57585cbc3641b64c02a doesn't match
08-18 00:36 root         WARNING  e1f84246f0cb360acae640f4ab720e3ae1e4e3147284b7bc426df5a7142cea3b doesn't match
08-18 00:36 root         WARNING  534ca4063156520749974398bb734da82454389635ca95539d341438cecf2f23 doesn't match
08-18 00:36 root         WARNING  e37dff98f12ae8af81565613a2efe670fb8c980104d9343b41feac9fc0ea42c5 doesn't match
08-18 00:36 root         WARNING  4d971ac355e4d78989aa7729e3c3e73940f0dcf7326c99cc3d16844ec9c9c259 doesn't match
08-18 00:36 root         WARNING  2ec5c5012ce101c84dc5b7b648ef234c759346ae1bfa2e1ff7a5d7da36b8ba43 doesn't match
08-18 00:36 root         WARNING  10b6193c52ee29458af4d64543be6e453822164c3307cb09c17ef9b4c837fecc doesn't match
08-18 00:36 root         WARNING  ed1679dd12fc1780e6e2e8edcf2cad4e66e0b53d08d6bf2da4cf7ba8841d827f doesn't match
08-18 00:36 root         WARNING  da6b59286c4f940314a92d9625b50734757a363b313f5f543ff2fc3a6ed1aa61 doesn't match
08-18 00:36 root         WARNING  3a9aa1120479498bebb2c999cbd9a094807db3ab4457d1dde4964795f25d8708 doesn't match
08-18 00:36 root         WARNING  71f5a381d510479df84a1adf3e4165ef2ac8e476829e3f5370cd8c48a2bbb819 doesn't match
08-18 00:36 root         WARNING  233e7a11780b24cc629a7f850dadccc47824b7b7fa162ebc7dc34d07496f64e3 doesn't match
08-18 00:36 root         WARNING  e8bc5d2d75e5f9f2e06efe458c1b58361b40b139069acaeedf19bdd6e64f0e24 doesn't match
08-18 00:36 root         WARNING  bf1d3f99dc717138bab8c172c098699cfab9e4efc7198bdb2492d9ad9745e065 doesn't match
08-18 00:36 root         WARNING  31544cb03aa27a42ef85ca28e6d53b4764cbfdf98cb256a38352fc749d7f82fd doesn't match
08-18 00:36 root         WARNING  f765dbc65966a52d359af8d8d66c825dba70f7d0f93db8f478df011ec3767558 doesn't match
08-18 00:36 root         WARNING  41199cec5ca722dbb20d62136623e763fa89494e94885d11a3cc35206914268c doesn't match
08-18 00:36 root         WARNING  3b1eaa6f9528d2a37e87d3a1c308f86346ce1695d4788546c5723b7726b2938a doesn't match
08-18 00:36 root         WARNING  a3701ed10351ea80078cff62ddfc29633c8cc2f8195532b7d668eb4ca443ab00 doesn't match
08-18 00:36 root         WARNING  dcca895d07d2a04785bfe221d68d7ee4c79e1d398584b92d13a85d1a24425b87 doesn't match
08-18 00:36 root         WARNING  cb6a5db512c4348af6692fb5c27c0c56db5f210335c46f3a75dae0252d5949e5 doesn't match
08-18 00:36 root         WARNING  25e81654bf09ec5b10dbf3ae6932c66d4fe2f8a119115499d2f991f6c572ed3a doesn't match
08-18 00:36 root         WARNING  b08bdaeb719a68f0eaa3c9ab9b091f1be77e9c9161b5cfeba5f058c63a2e1724 doesn't match
08-18 00:36 root         WARNING  3e08da3131c0ab15a5620205ccf17e17f1b101a571f36b946035cccd0404dce9 doesn't match
08-18 00:36 root         WARNING  328996ef2d77012a3ea8bc06573735b2c47425a69732f3669084c07f18868dfe doesn't match
08-18 00:36 root         WARNING  195c802258f140ca4f5868cb2348ad89e750af8cbcd63b7d168da4757f2f9029 doesn't match
08-18 00:36 root         WARNING  89111ef43a4cc33e0ae60e39867d067d27abd8029592ff61d2a83ae609b35c19 doesn't match
08-18 00:36 root         WARNING  9ec2646089879bddb421cac00dca4ad2c12bd428f55c696701013a35fd081837 doesn't match
08-18 00:36 root         WARNING  fd0fce8cd2eb82be4cc48e162e1618b81bae972b90653e9ac2c461ca34b6c261 doesn't match
08-18 00:36 root         WARNING  6da49091f59628bb6c25705ace3cc617403f7da3a84519832e603c77761f1deb doesn't match
08-18 00:36 root         WARNING  67a2ad0a33297e847e8f5a38661edb966e279da2e5aa1782610bb07c8b283b21 doesn't match
08-18 00:36 root         WARNING  e18674dcf16164c9227f69e90e815a8b645c86b8e5ae3c45f23276bafc8ab3b5 doesn't match
08-18 00:36 root         WARNING  0cc851dfd25ffef8a57b8632109397f3f5322ec1b85fb84686ec52f4f3bb2d3c doesn't match
08-18 00:36 root         WARNING  cba879a4860357c3ec62bb3c85db49177bf060915199a1904dbb042540b215eb doesn't match
08-18 00:36 root         WARNING  403703ff308be7264b9216e17a971301e4d9b4892e6022638c7d5e90062cb264 doesn't match
08-18 00:36 root         WARNING  542211542c546df4c9d1d6ae45cb68d8c824870c553b2ddb4b1aa0a30be47ed6 doesn't match
08-18 00:36 root         WARNING  0e8fe2cdbd9ada48ce646032d5f93ac69b7856cede8a0aea064f20e3d21ddce7 doesn't match
08-18 00:36 root         WARNING  a4a0ed69bbaef4188b3235d2ebedde3397cdf856e4c95b404ee0b8cf33df52d3 doesn't match
08-18 00:36 root         WARNING  eced2dd97c6e840e23c77689fcea3f752ab87f62f45da8dc0fd75e7de769d0f0 doesn't match
08-18 00:36 root         WARNING  045e84ee5d309851cc64671c907c2f386b4408ffa4e10cfc536bad6856a1fe5b doesn't match
08-18 00:36 root         WARNING  1695aed8e6e253894f202f375b136000bd05153889dccbc9a52c55abe804c075 doesn't match
08-18 00:36 root         WARNING  1bc5cc1a655aef72bbc167dedbc1a71a7d69e14be22766efb6607c14ecd22507 doesn't match
08-18 00:36 root         WARNING  ee682b839e21e3b819f9c4e2a2b7e13a3c0ae96f9bbdb5ed38979e4898ecc8ca doesn't match
08-18 00:36 root         WARNING  1741c3633dcff6c7ae371cb775fb620ffd05d856770e19c8f37a6adacf9d03ec doesn't match
08-18 00:36 root         WARNING  0d4ec8c7b22ff0addba0f18a38cb3c5db7481c162e721d06c2f5b4643384866e doesn't match
08-18 00:38 root         WARNING  012333d64bcb7f6e2617aee884bac3c73302225b51de91ab9a33e0181b368bea doesn't match
08-18 00:38 root         WARNING  f74162c8aafaad0986e823463da9d35951ae823840dccf6893fae753b02fa94d doesn't match
08-18 00:40 root         WARNING  068838027aa2861cae4c4d9d59cef8c40381e2c5539330814d74625d7ffb020c doesn't match
08-18 00:40 root         WARNING  aafb11db5cc03177be783251723cd67b2d6652c3c1776dbae09aa0b96d3a3dcb doesn't match
08-18 00:40 root         WARNING  82491b4c251d2a7202b16a41d12876f4e4484afa4fa0df8ba18d8c12c5c16a97 doesn't match
08-18 00:42 root         WARNING  3094be1b9f75471509b9c47a98deb1af5b59d8793aad02d0decf7555b3511f12 doesn't match
08-18 00:44 root         WARNING  ec216e3011d65d5db234d88232ebdd7d0a4db66379223181ab346157a38e1dd4 doesn't match
08-18 00:45 root         WARNING  ee2a4615540556fa878a1076b44418de797863ef1e7ecffec7803ca4c3c54b29 doesn't match
08-18 00:45 root         WARNING  102edc0ec1378890fe0277433acaccc374e76f07b4076f6e4a44291497564dd7 doesn't match
08-18 00:46 root         WARNING  0472d60184d6facc897abe1b4f32897b7eb49f1a4dc3c5980cacb67342e92c7c doesn't match
08-18 00:48 root         WARNING  08e1026eaf044127d7103415570afd564dfac3131d7a5e4b645f591cd349bb2c doesn't match
08-18 01:04 root         WARNING  23b295e48022e47786701095b74565bc87a21af9537b8781e6f0a0f9277d47ed doesn't match
08-18 01:05 root         WARNING  cc1e61b376da4c09cd4ad6ea0208f54ad9fcc998af0f22553d9d945b4b1a7ff3 doesn't match
08-18 01:05 root         WARNING  bc3d5f74f4c5cf8579a2f2aa4062e88a381c6ffb67fec2e82c40a82fa7f4c856 doesn't match
08-18 01:05 root         WARNING  f7d60ae48d3bb96ff883939ffacf896a361022b7f839fc03c91165afbc3a5f60 doesn't match
08-18 01:07 root         WARNING  b7c340ec193ffc68ba42ad020942af01a185931ed0def69aedb2895ed456f59c doesn't match
08-18 01:10 root         WARNING  5c615bb5caf9c978a9406520b318544ba267096c571e692d2a4e6e69b0015549 doesn't match
08-18 01:10 root         WARNING  d2eb886aa53ea9a7f1199c48618086caa918ecbe1a61dfc0ec7d42aea5a41c80 doesn't match
08-18 01:12 root         WARNING  daf8a7eac8fc9b07bbf37d95d5cc2ef8c25a2b5a1c78d44bc219e4463c2882c5 doesn't match
08-18 01:12 root         WARNING  13378d03853777510f071657c838fdca09f10b615c959b424ff3a3ea01eb0b49 doesn't match
08-18 01:14 root         WARNING  8fb0a40568926fdbf0d54a4a56aa9444db13708df48f72430f353eebccfb756c doesn't match
08-18 01:16 root         WARNING  af96a57a8ba92cbd0ab58e05d01e87f6c16697757fb0de4eaf45782dc13f404b doesn't match
08-18 01:30 root         WARNING  0ab4de2f6eaeb72c15d994505a8abadff5621bd4149fd621bcbcef67d7a6b20e doesn't match
08-18 01:30 root         WARNING  9ffe43082739df14d4cd9f3a81c0bec0f758660c308035f54ef15986517b8fd0 doesn't match
08-18 01:31 root         WARNING  0c3f8f33bcb868759b5f4553cdcbce512b558e98537c23d69c97996a2a076b0c doesn't match
08-18 01:32 root         WARNING  f296ea54a74371377916c28d37e111f048f04fcb018c0938d70911eddea7ceed doesn't match
08-18 01:33 root         WARNING  ef2288a9382b038216bb19255d8b91263f70039e10ddc347e4df3eea316c57ca doesn't match
08-18 01:33 root         WARNING  cf379e5c50ad8a8f3849161135418f72f628cfefa7bbb2e358a4a7025233bc5f doesn't match
08-18 01:33 root         WARNING  f664eeab8691d6a78cc6de37016205f7946a6a6c67953c3f6a8ec0206447fa98 doesn't match
08-18 01:34 root         WARNING  4e571396f7e91171deaf2828a73f5421b296e9923d737c6701dd9f0935154e03 doesn't match
08-18 01:34 root         WARNING  f9d78bb92a624ed35e89c4ea029703238127767b5d945f2785057acb38df78c4 doesn't match
08-18 01:34 root         WARNING  1393c71406cec44049d72ea29bf0341337ca160b3623171f1c7d940402cb2d0b doesn't match
08-18 01:35 root         WARNING  eb2916ec9a0c4246a76f75fd6d6ded62d42be5a783683cefc94a286113208ac2 doesn't match
08-18 01:35 root         WARNING  676df1960515acb9abe4592c1a6b68ae7af8f8272b9eb44ebf37a58c6ee515e0 doesn't match
08-18 01:35 root         WARNING  1fa2870ccf8f72aab07cfa7530269d43450d5991c2c35ecb6664aaf4bb55a7b7 doesn't match
08-18 01:37 root         WARNING  ba71c915838cb04c439681f5961b8f789c525ad8daa154cb71ada8eac63440e7 doesn't match
08-18 01:38 root         WARNING  1a71e954ec50194f27ba91d6fcc81b5abfc4691c928f32a84a36798a76b5ab69 doesn't match
08-18 01:41 root         WARNING  e210f6a1bcbb88154b0fe12aec62ee1e2ce6aa110f5ed23379767a8f831c69c9 doesn't match
08-18 01:42 root         WARNING  d40232fb7b53a3ef675ba146b85a30c6ee6350067ce82306b97df8fa42505bf6 doesn't match
08-18 01:45 root         WARNING  c32476d6c54d201b0756b4404e3d446bafda5c21f1415b16a9e6d77d6a4e85ea doesn't match
08-18 01:45 root         WARNING  cbe888e51c16d6d0c1a5b515024e3913334629bfb3a12f533a05a21605cd309c doesn't match
08-18 01:55 root         WARNING  5ddb8eba3d383ff99b300a49f6501d859795215a0ba854ff74c0579e244835ff doesn't match
08-18 01:59 root         WARNING  f084ef49b332874c875684b658fadab534045b10bb09adeed308d1edf7c2dcee doesn't match
08-18 02:02 root         WARNING  a86e792f92f20f3e9cd12e644a5e3481e6bf3ef5267844228a0f25652d6c87df doesn't match
08-18 02:02 root         WARNING  88be6145f3c6631f87492be2e8e34b0e6426d3ce4cd96ca7dc8698122269f1a6 doesn't match
08-18 02:02 root         WARNING  04f66af8bb5245287585de6feeb85d63df5e7bf8a855af537dc00c0d3b9ba489 doesn't match
08-18 02:02 root         WARNING  cf0ec08a77f5c0886cd965573918d2fcb94e3a29083294e8123887a1e95bd948 doesn't match
08-18 02:03 root         WARNING  047b4b5b5841daf85c4bd887611286d60dde6a717b6c313961a6860a609f4784 doesn't match
08-18 02:04 root         WARNING  744914baf8eadc9de80d59bacc50fdb32fad6ae2932e05c3e7fba0b6d964d46b doesn't match
08-18 02:05 root         WARNING  e6167a15f749bdda6cd1564c69359dacd4eabcc6ec80ffbea37d97cfeff2c1f3 doesn't match
08-18 02:07 root         WARNING  9f42a5ebc5b525fb54881b0b5ef4d3532eff3da73de23a89ff3a8f60cec4eddb doesn't match
08-18 02:08 root         WARNING  96c5bbd3e8609d641a6ad0c5f0020a44d68a158bea17e1a3df83549b763454a7 doesn't match
08-18 02:08 root         WARNING  068fd203f9fe58277e854958e46850b0198f695bfcaf489abf2a2522ea66d612 doesn't match
08-18 02:08 root         WARNING  5e60fb4c5bafca1fbc952928cf57ef1c2ca5adce88432dd121844388494e7cbd doesn't match
08-18 02:08 root         WARNING  5b981bd46ee3ef63fe860fc2253effcc85fa5ccfa0df0d33ad07b46d922953e9 doesn't match
08-18 02:08 root         WARNING  e0e7a2346d81ac723a36d6b724c9fe5ff31e7ce37495b2dd5094308cbd595172 doesn't match
08-18 02:08 root         WARNING  bc1c4855294e4dbfe141666104d2632b7e2d5410a3015f8b1cbfe8a9482e97e2 doesn't match
08-18 02:08 root         WARNING  6c6e6cd37292e84aae8c16062001e88b4221e48e1cd8f3c5d606e5108ebf90c5 doesn't match
08-18 02:08 root         WARNING  c04ea059df73b68fc588f6cab15e7cca32dbc00dd691054a2e70678c485e06ca doesn't match
08-18 02:08 root         WARNING  2d6568f3ad4ed6193d3b252d72649ae40dc94ec7d93d0ddfabb7f6632156af27 doesn't match
08-18 02:08 root         WARNING  019c471c57717adca786bd5aa11fd69ed9e695823c577e850dddc6220ac572cd doesn't match
08-18 02:08 root         WARNING  09ed191febcb8974a461ce474e1107e42b086c294b39e5408bc4d807143936d5 doesn't match
08-18 02:09 root         WARNING  3529865867f583f9778e091c9f456315fc0bc2cea78511c7ca1808396c1447eb doesn't match
08-18 02:09 root         WARNING  1524a167b80a0fec5d9adbe947ec5183abf966ad843ff643ac1ded4f1bad58b0 doesn't match
08-18 02:22 root         WARNING  d5b30947b8cb30cba5f6d20bddfdcde8cbb700c2102f313ee26c7fec96b6a3b8 doesn't match
08-18 02:22 root         WARNING  59cea33ac9bd6a00042bd906acb1cbe759cc030abb100833f5c1fc280e727082 doesn't match
08-18 02:22 root         WARNING  a752985b0e627c946bcf012e963a2ecf2e6b4e4b936a6a19a517b1522b96e36b doesn't match
08-18 02:22 root         WARNING  74f9f8d2d7757067bcc2d90332bd08820522636e08c624ae0c424ed284965b6a doesn't match
08-18 02:22 root         WARNING  43ea296f4cdcea0213644e23dbefaafa4122e1cb84bc87b9b242ab9c7041e3ef doesn't match
08-18 02:22 root         WARNING  ed0873202bcffe4f2b0010ca5659c629485bc53adce68a2e305ec26ef3c69489 doesn't match
08-18 02:22 root         WARNING  edad038be0c8abc71a9c009314796bbf1a3daf18da90aef6beb0467c7eeefc94 doesn't match
08-18 02:23 root         WARNING  b8e1189d6b4200906bbed535536804db0a51ea2a3b861915faf0c6f3ceb66412 doesn't match
08-18 02:23 root         WARNING  4a8d9160fb355e705cde92fe14d2eeb4846119c61c37e0a77af1f738ed169f14 doesn't match
08-18 02:24 root         WARNING  c63f239f84192d81620ede4a40fe47fc355c9a4cf58fb416540348f693f409c3 doesn't match
08-18 02:27 root         WARNING  ffa85b86488ad9567f880a9bc82f333daaf3422c91437796e036acb83798c47f doesn't match
08-18 02:27 root         WARNING  14b06ae12d923b0d890469cdb5806e851ec185e84f51519b416816bb60b4429f doesn't match
08-18 02:28 root         WARNING  fe165322a3fe31494234026aa7e22194d2e97f3775ab87ddb3aff26a562e3ddb doesn't match
08-18 02:28 root         WARNING  8ab8134a38680c1fa1c8223fef0cc8a8b4518262e18e710c80449a992a72cd71 doesn't match
08-18 02:28 root         WARNING  233e64f92f309a4b46f5dda474fe243001f9732afd9a142342b040c0cc76dcc3 doesn't match
08-18 02:28 root         WARNING  0a4ec92e86eff8e16c2b6d3b55d8b263dada7e248cd7677d07bab2a5685985ae doesn't match
08-18 02:28 root         WARNING  0e31150f5c540d8101cc2f9df640b15471baf041f619889dee530598cacd08af doesn't match
08-18 02:28 root         WARNING  3e111679379d33164902a70e5d315dd6eb0ffe3b404d6ec0c548dd143cfde3af doesn't match
08-18 02:30 root         WARNING  fcc540ef5f2cf071c58af0a56a1890d35426cb15e72ecdfaaa552de97f10b949 doesn't match
08-18 02:33 root         WARNING  8a5f431a715b6dd19c21871643c1bc77fcbfe0f19ce1edddddbbb940175810ae doesn't match
08-18 02:38 root         WARNING  75e0790b700b47f94f9bb8f06b6702fee3b382227af394fc1d2877ebb03e5f68 doesn't match
08-18 02:38 root         WARNING  e70788849495b4ac04c9815b03de361bf06e7cf65728b22a62766e86ed68db7a doesn't match
08-18 02:38 root         WARNING  540788667010273a65c497970e42d33a34e37c2b416d71e6a2c34970ef8977b5 doesn't match
08-18 02:52 root         WARNING  5afa5f756f0d828c17a9acd1009a78229e252ac28aae991fd63e0dff4ba3b420 doesn't match
08-18 02:53 root         WARNING  51a33fc720b5d02bd468e022cb5c4f9d444c54fe6f123afe0ceede21595b61dc doesn't match
08-18 02:55 root         WARNING  77a5c37e45d4afb931c8204de7240e5b6aa979b67d9e7a5f6a04815f5393fc4d doesn't match
08-18 02:58 root         WARNING  8eabba6f06396d6a11657246a1981b358b668ce50bd6050d016f9a2ea4a5da48 doesn't match
08-18 02:58 root         WARNING  27a26523b6877e2f615685b48862dea8281b0f2aa6efcfe4fcd15878d06b27aa doesn't match
08-18 02:58 root         WARNING  4ff1f8b8a6b286008e69585609267dfd6a0def134b4655b2c0bb26cfc3dd24d1 doesn't match
08-18 02:59 root         WARNING  bdfd601cc0b7dddb1dc3a3fa528e8bd3128132d01e46dc3b01e8fae8a2711f67 doesn't match
08-18 02:59 root         WARNING  7b74b0ef191f8ea881bc0dacb6458794b4aa22362f4f83fb387c64fe63c2dc7b doesn't match
08-18 02:59 root         WARNING  0327fe632c89d90e186d464d56ca05135e7c91dcc5600a57338f7539d62ea750 doesn't match
08-18 02:59 root         WARNING  06ff09b9e619fc55b9809396aab304caba0c2116eb50a19d9af351b6a1568571 doesn't match
08-18 02:59 root         WARNING  128afc5605bd65371a2ec6d17eae696304329e7b81d1b0507614fa25b2eef417 doesn't match
08-18 02:59 root         WARNING  a32afa0f5c5a5cf7981702b9903268a6be5d22f1fe17c21268d190562a5cda1b doesn't match
08-18 02:59 root         WARNING  c5751eda4906e38fc7771d059c89da4c01572bc8da5a8dc75c65f9b82cbe1a32 doesn't match
08-18 02:59 root         WARNING  da69003a3c0607b162466942bb0585adbe7f3b1006f845e082cdb50c2681cc59 doesn't match
08-18 02:59 root         WARNING  29a05d72cf8671e55ea728485451f991bd2194bb5a8fc9f3f5bc5aa65bf3a872 doesn't match
08-18 03:04 root         WARNING  e101aa3ac7b5238b006366ba4dd218b9fa70cbff7e98eddbedc80fd961d8e78d doesn't match
08-18 03:05 root         WARNING  b0562331f0cac5d681483340a98c1ecaf0ab8b5b33f9669b9ebb73ba4ec100da doesn't match
08-18 03:05 root         WARNING  e1dfccd8d31f4aa72163f1e527b3a22aadc5454046813569b62ea9c291bfb3ba doesn't match
08-18 03:06 root         WARNING  90284f5d37f84063f740fc70ac1ab2ea77d6aa93680525137633ead9c7399c2c doesn't match
08-18 03:08 root         WARNING  138c87a5bba974e34c43b283d11ad044a37b78e5fd229d912f51a372944d3cb1 doesn't match
08-18 03:08 root         WARNING  d1030970f290b8cf2805389556c18fca3f677aa0b2918771513d1a6ae608b5d3 doesn't match
08-18 03:08 root         WARNING  423980590027327ff3a5d9c12d22ee7bcd9bef8373b68807ba8d3a3c024e1d4c doesn't match
08-18 03:08 root         WARNING  b4ab9f82ea1d8e0e0427356db261340f841592d8be02db5b988dd0385c09ea11 doesn't match
08-18 03:08 root         WARNING  3fa9d570add84bb39bd5c5ff120e0eb74468be9cc0f3ecd66b6e76aee5151b1d doesn't match
08-18 03:21 root         WARNING  741e05b3bfdf7c9f201e83f89d54a98b949b6e02ae11553960267c9067a86558 doesn't match
08-18 03:22 root         WARNING  cb7a8176f350b74bf3cf048358f3caaf323b015249886ebe7470fe4120addec0 doesn't match
08-18 03:23 root         WARNING  88cc5f052be5a6bcbc920cdd1c611b5b1795c8c6a7e3fc43ba204cfea144405a doesn't match
08-18 03:24 root         WARNING  0df4cc47c26b14ca382550d699ed4ab89f2eb5144b6069808f6b3fd928f3cd99 doesn't match
08-18 03:27 root         WARNING  22218a7b78f06ed8b50f6f1524712bc3bd110e702ab45e07a055c72583bc22d8 doesn't match
08-18 03:27 root         WARNING  af80ef2bb7aeb4ffa92489bd038cfc95fcf72d644ce0a50860867ff69d80d6d1 doesn't match
08-18 03:27 root         WARNING  bb67896e55a325d2efc40cd47e3024deb0859e4523be0e2931d7e2c5d5ae9425 doesn't match
08-18 03:27 root         WARNING  5ec65d7a7275a8c7aba4cb21c66b5b8787cb8c214465b6a6690ef6b59eb84738 doesn't match
08-18 03:28 root         WARNING  338f3993af03557bfed990e961cededb8458ee4277768168b102f0eb04d49880 doesn't match
08-18 03:28 root         WARNING  edecf5568c1f0c61d28e662dc4ea9f778ed7ec4f4fdfb098ee58811275108794 doesn't match
08-18 03:28 root         WARNING  f91fddd4e15e8d7d2c048e5404d1db1dfb87cda21efdce60c747fa161ca411fe doesn't match
08-18 03:28 root         WARNING  03e1c0b14189a8e122f9f65f120bd92011df8ba3ba59fee45357321e5648f696 doesn't match
08-18 03:28 root         WARNING  cc36570d06739faab88988cd74327a14662f23421b6fc76dca44c05a4780162e doesn't match
08-18 03:28 root         WARNING  adf5bee561e72dbf8d9c1cd95502b5b61b7faf582eb1f26bd9b5cefa0ee30285 doesn't match
08-18 03:28 root         WARNING  592ec2c6146ff4b45629860b66220dfcf2207b4f90db67afe42b0192f474f71f doesn't match
08-18 03:28 root         WARNING  babc1947bcc97abd002e752b1d0213404da028ba14d7e8604f1423dd99618968 doesn't match
08-18 03:28 root         WARNING  bb3214ef4833bce023e01049bb3b44c96817051aa8196b604a97612e60165e14 doesn't match
08-18 03:28 root         WARNING  af96ece904c947057e1dee4f84fdca51e277bfd1f58a781471d353468115582a doesn't match
08-18 03:28 root         WARNING  499028aa9984a0d891823a17e0a5c3ab8e8d49b560d9b9df882c1c87063cb173 doesn't match
08-18 03:29 root         WARNING  10f6052e901ee9e920ba7114bb931e4b368a7d5a56d04c6c0efd2f25314df601 doesn't match
08-18 03:29 root         WARNING  9ad4b56811dfd5cda785e05848339025dfbed12ba87044171ec0297b5fd885c8 doesn't match
08-18 03:29 root         WARNING  3e3e91242438d13f8da48f2c9e50b926c415521b0b9f2b5d699d110e1f61181a doesn't match
08-18 03:29 root         WARNING  205ba9eb6510d51358e04dd9fdff54e5c7d975925ba1962886332928526b4dfe doesn't match
08-18 03:29 root         WARNING  789dede469320c1afff7e6f669e3ec0fdf003cc53ded2e3705eff0942e96dbd2 doesn't match
08-18 03:30 root         WARNING  3a285710a6a206a1561745e3e66ceb2532ec8c7597a3c9d3fe372436c323e56b doesn't match
08-18 03:30 root         WARNING  6a94edf87b84e42041c5f1823658c7983563b8a58d9ac5cf88b7fde3a8dc9178 doesn't match
08-18 03:30 root         WARNING  984ded7ed84cab55b0185f4ca39c9b6ff88f05d56da557173399c884a6e221c8 doesn't match
08-18 03:30 root         WARNING  2be20bdaf5759767bf7d86b8a525dcf13f150818d4fa514fd501d6e160477570 doesn't match
08-18 03:30 root         WARNING  f470e25114cdb614b61018da32eb7f319ed52d4e2c8dd5fec0831f66a4a04588 doesn't match
08-18 03:30 root         WARNING  c0fe3e95a3d4b35de5bddf7920833dbd5551f44b8834681d3daddd83bd579eb7 doesn't match
08-18 03:30 root         WARNING  c32cc37e1fe4188cf9c1a887ae3f9aa7358fc213535854bb87a606c9fbdc1247 doesn't match
08-18 03:30 root         WARNING  606891f8c6e1be0b8b171aaf5302eab11b7a893e035d64df3572cfc4ec7eff0b doesn't match
08-18 03:30 root         WARNING  9cce830da37d2a71d92a7e376e5d108fd47f4987a757febb71f29d3700d7ed14 doesn't match
08-18 03:30 root         WARNING  d900e2ec94408741b6b43e0b4f728034efd6334a576be322aa7522fdefda4469 doesn't match
08-18 03:31 root         WARNING  ff1636335718a5799034e86b03dee5011d2412b8373d361dddbdb930b288f39c doesn't match
08-18 03:33 root         WARNING  aad57c09a8026b96c9c006288715d50b91762952b71cc4ba29cd83819cb4087a doesn't match
08-18 03:33 root         WARNING  87185f999271a1e70fad0480d4fea978ff8cd49a3218087f9951cd5f8d0b1187 doesn't match
08-18 03:33 root         WARNING  29a1cd5f236f6372b5b5a05c46fadd1e7ade73fb2bb47ec488282a58334e8db2 doesn't match
08-18 03:33 root         WARNING  cbfb7e5a4838ae948ef11bdfbef22c3e85715cddf1e4bd7ab15f88ef17063070 doesn't match
08-18 03:35 root         WARNING  d94e3ca23057c09467187aee1f6d00fefc0a24f26433617edb471ed82b00e899 doesn't match
08-18 03:39 root         WARNING  cfd9ec0c6e807fdc30e94793e80559c134d38ce9359f04673c588db514e9dc4b doesn't match
08-18 03:39 root         WARNING  d6bf40937f1b17b9f18a24b2bd1d7157b9b21ec17f74030683ecc6d36bf513e6 doesn't match
08-18 03:39 root         WARNING  3ccdb449f4f459921a05204d83404a934dbaef99890e28e1f979651138f78e07 doesn't match
08-18 03:39 root         WARNING  8a115d58bfa56cb3e3d952be209ef0c1bb4be787b68ab5b73ce4db823cc6a02c doesn't match
08-18 03:39 root         WARNING  516352ee7ee725360d3ee74bcf5315415e26e76ce585cbf2d21d7e56541895ed doesn't match
08-18 03:39 root         WARNING  d4a27d10404d87ee0b8a05fb700e55f9f83f80a59ebf87af2fbf87e5c9546177 doesn't match
08-18 03:51 root         WARNING  833186dfecf6597fe8d38e14312c2053001b0dc5e6078670820d3dd7e220b12d doesn't match
08-18 03:51 root         WARNING  fff2bb7785431f57afa063289cb8364d4452fc1d69f096727d23033034e3795f doesn't match
08-18 03:51 root         WARNING  0e5af7c45f276a6ea71d68eb760fc9f158fe694c28b8cdf16de5989aac538b04 doesn't match
08-18 03:54 root         WARNING  f80e1da61a02c68ca69c8ea57e7a96d0b89525f7cf344c88d556b42c0453c30e doesn't match
08-18 03:55 root         WARNING  d7bbea4649511e8e00db2b91a802075fd3587eb5a6ca380c6d58c13e5c64d3b4 doesn't match
08-18 03:56 root         WARNING  bfbea76def64d728eb6503b2c9ba22d50507d67bb8f1ff217defbc7635c4ca05 doesn't match
08-18 03:56 root         WARNING  f8530e3549bf09fa9bf74aa24a560f088057aecb37ec6068935de9d1dc064b00 doesn't match
08-18 03:56 root         WARNING  a4c2948eda9c600bfedec070c213fa30d554b2b9ddbab5b8735cc5e12732b1cd doesn't match
08-18 03:59 root         WARNING  e3da768cd340c19ff8958d2e5c3ef30776b9b8c7fcbe87efd0d9a51872e9b90c doesn't match
08-18 03:59 root         WARNING  d34824594b81fc06ba8e716e00595838e53c8128fedf8a89f8ee100f6710c96e doesn't match
08-18 03:59 root         WARNING  878d47c01fed6291362b70e7789b53a3637a94d1e3eba22db546961fe04e87b6 doesn't match
08-18 03:59 root         WARNING  58e0427b9fae70b325c75b1d736f663f84599b307a6f18264151ca095d017431 doesn't match
08-18 04:00 root         WARNING  6570bb475622e78b4a5e0b810d1ca31a479e245f2ed1a1f459b9ac377cf0c3c8 doesn't match
08-18 04:00 root         WARNING  92a083e5f03be259ecfdf72ae511b23f8e3aae954a6051f524763c70330390e5 doesn't match
08-18 04:00 root         WARNING  2e2a67d72fd0edf36c20becbfb48d21891dbe132f358b9be0fdb27fee22fc8e7 doesn't match
08-18 04:00 root         WARNING  4e59ed6c80aa59e9a3a90b5f655965830cbfb96599a5877e990a763264da6d6c doesn't match
08-18 04:00 root         WARNING  6821b5eef958555f2a3d768f1c8c1484e876857c5d553e5998ccab0c5884623a doesn't match
08-18 04:00 root         WARNING  33322caf09925e31e68d06ed20d0dad7d292b25811e27df08dca862cb41ac117 doesn't match
08-18 04:00 root         WARNING  9b38a8087fbbffc6d91e1742baed718ef9328252b58329c825b037f650ee59bc doesn't match
08-18 04:00 root         WARNING  a80f419c8f5250296f1cad439e03713b738ac21526a84e9a1c2b8f9c2c2cf02e doesn't match
08-18 04:00 root         WARNING  18f5c7be6a553e7182f946ed97f4a2e1ee51649c2837135ce6e454e52780fe93 doesn't match
08-18 04:00 root         WARNING  8cc425e6cbacc350c34331f0a334e1d7ad88d5b09ad641216de2445a60e976f4 doesn't match
08-18 04:00 root         WARNING  ae80fd5f8963bf1eb2437f859a87681d52c720aea266d9b76341989080d9cfe3 doesn't match
08-18 04:00 root         WARNING  e36d9fc39207ad6559b911711c6ae153f3f2c971486fb42cde6d2334da4431ba doesn't match
08-18 04:00 root         WARNING  d8840e1ac18e2098b33a96b9889465e5d9704bef4f63e4cb55229caabd7c60e3 doesn't match
08-18 04:00 root         WARNING  2bb81fe3e3e08733d382b9d56a33e1b7a53e6fbd31fe55e5ce043cbb90b9a502 doesn't match
08-18 04:00 root         WARNING  284b4507592e1b7200e3c41f1c8942d9899932367324ab60875217dcdf15eb51 doesn't match
08-18 04:01 root         WARNING  4b4fa6b43d5d054f64fd66e6476a96da3a5df205d51c6851ff4e3ced2907b674 doesn't match
08-18 04:03 root         WARNING  56994bad90ba39d484d7291afa3aa49e42213e0d4508c3d56f0fe8d2fc4fa06b doesn't match
08-18 04:06 root         WARNING  ed646c9b84e843397d0ae5393837773fee29d076da3ddd22733ed26b2abcf53f doesn't match
08-18 04:22 root         WARNING  80d321d5c60ca7696326774515f22c19d39c1aff83f9053aee880332afe95817 doesn't match
08-18 04:23 root         WARNING  6d843a804327debd3a44665f9eca60d109875959126153fa1b56ea5721c375c4 doesn't match
08-18 04:23 root         WARNING  2ed2ed63c1ebbeaa82c665006ecf646241cfb81146fd38d32e7b1969257793ba doesn't match
08-18 04:23 root         WARNING  813cd3bf31ad27c376254c3f9ef48b8505248b030ecf3f3b6f88f4a62801ab4e doesn't match
08-18 04:24 root         WARNING  ddaf91ad888ee62e35e8dace24ca032f5a7115a312c876be59f64df9316c65cc doesn't match
08-18 04:25 root         WARNING  b16dae0abb496ebf24a4846051c248b117ce706f7a5515bdef5ec29634b3b964 doesn't match
08-18 04:26 root         WARNING  48478d9659e19eac7a2c88c9aebd3a8f842d71d51e40280ab6652d5dd949de84 doesn't match
08-18 04:26 root         WARNING  4ddaf995368aa8c95e16c089407cf1572b319a4a3b9ca7cc0636c180ad120831 doesn't match
08-18 04:26 root         WARNING  97b3099d72edb7bce65a7952d15c2e4fd373f8c82e88e3573a3299ef430ff7f9 doesn't match
08-18 04:28 root         WARNING  b6fec1c4a623813025f4a437e7f179c96222e4f9c6a9cddf2aef63ea5dc09c9c doesn't match
08-18 04:29 root         WARNING  a4ec26630ed2ab4fec315058d622a8d90c33f93be651dc3c91bbd27b895e620d doesn't match
08-18 04:29 root         WARNING  bfaefa98e0971dc6d1dedc7ff0314595dfd63ecc3543f090ab337fac5fb04c62 doesn't match
08-18 04:29 root         WARNING  85cd0e36c2a43224e238f1909ae6df66bfef739f3739a23b451d531e7b136aae doesn't match
08-18 04:29 root         WARNING  0d94b6a6bb7a4a5d2ac796b2b9f24d5946f9d727ed6632a739457edf8e2255be doesn't match
08-18 04:31 root         WARNING  001704f21b8d97c2784270241a6599a9b57dca88a1cc95cd61cde6376a96f9f3 doesn't match
08-18 04:32 root         WARNING  2dcdb2dec0369bf48b4fec6759fa9dd13c36f2c4f5004558a4cfd1ac7a34cb1c doesn't match
08-18 04:49 root         WARNING  88653fc6f4937be83dc56958c9db430f6002625ec24d8415470601fd456fa582 doesn't match
08-18 04:52 root         WARNING  d68825f66067eefb2190f592f164691ae16e17679ddf04a5869ff290734d544f doesn't match
08-18 04:53 root         WARNING  cbeaed33d7c1a976677eb009c8671b50262f582f42bbd1515f572653a8534732 doesn't match
08-18 04:56 root         WARNING  c67ada5fe92254777842027a682b7dd89eddcde4418be763e3dce804cc20c6fe doesn't match
08-18 05:01 root         WARNING  d882b74f6490942e4ed2a4adcc7ffa1415d42587d1514783d916883ea7203153 doesn't match
08-18 05:05 root         WARNING  fcc78d0f68a3e9b3c7dc81f050714f24c2a71af1f141131d4b4992f863d0f2bc doesn't match
08-18 05:05 root         WARNING  6b089bfcfbf7aaf1eeb039464e77946e8d7e800baab47e89a07fefa40822bc15 doesn't match
08-18 05:27 root         WARNING  fbd91dc690cc1b203763f03c12d84676fb526e0c893327252617902bf92c9753 doesn't match
08-18 05:29 root         WARNING  7cbae8e421c36c8745d8bbe59c3950614911f7b28307f875e95e0e4943cd7b37 doesn't match
08-18 05:52 root         WARNING  90d12ba2b851215ef9ccd620ec3fdeda897e639c0875c062c2c817ff0dce4d7c doesn't match
08-18 05:55 root         WARNING  f6189963c0e488eaaf28c4735c7d17c1590b44038b8ab515b34af89dcadf2172 doesn't match
08-18 05:56 root         WARNING  1b4baae4c7e1a3ed40ac0b06e6cb265f831a030bdf2d7f1e7612272d3766b658 doesn't match
08-18 05:56 root         WARNING  94896ce9e265b15168f642172f70ce9a052a56848ceb47bb3a1eba272c2ef34e doesn't match
08-18 06:02 root         WARNING  9748ab2d3827b803a0a498ca9eec6a8c6b03691bda27ba96b9bb4e11f0b30d89 doesn't match
08-18 06:05 root         WARNING  5f9af08cae1cd2603a49394f2a081248a9c341c7197b28ab441ca21e5068a931 doesn't match
08-18 06:05 root         WARNING  de24546f452498f3b75ce0f21990b2a948a9db3d84fa34efb69c4d6fb5e214c0 doesn't match
08-18 06:09 root         WARNING  b9bb2eb86a552c14920ed2b4a8fddbde955525a25a092c7e48617d303f3fdaac doesn't match
08-18 06:11 root         WARNING  ac1588d5189c38672b241333507fdc5c496ae7a5165a880f5f18be28515119d1 doesn't match
08-18 06:29 root         WARNING  2e7c442f83ac384fbfd4d5ac1fb14ebf22cdb89f42b89396fe05095ca73ce931 doesn't match
08-18 06:30 root         WARNING  157bffb7f5cda965f55a4402c8a0105058a3516f01732606f34eb08fd732ef93 doesn't match
08-18 06:30 root         WARNING  b8333dcb080997135a38d7ec2db3e1789e0ce91d8cea6e41ea4d97fd5ed7183b doesn't match
08-18 06:31 root         WARNING  c063373b2c1b77fcee331afbabdcf020b59b2f0acff9399a599654025a87877a doesn't match
08-18 06:32 root         WARNING  0b7f96f173fcf1feee5cab84ac3c8dd94c4ee6608b767b4e69e6963307675da6 doesn't match
08-18 06:35 root         WARNING  d97474325d907b81b447c9b3ac6704ee0fc985fb182b2c35cf06890cfabf1ef5 doesn't match
08-18 06:39 root         WARNING  7e2c6fdf7eb56119901c9101273e24289dfca256f5aa6bbc22969ce97a64c304 doesn't match
08-18 06:39 root         WARNING  d6d25f9be9cb5cacfb1b7eb2d0fb19c98579803839207c8c68988e2fd9053e4d doesn't match
08-18 06:39 root         WARNING  9cd5ff5d9ced46e696f7f869eebd2cff2c823ee2d9b0f55716349fc7500c80c5 doesn't match
08-18 06:43 root         WARNING  c6eecfce7d03693d8a799258a54d58a5fe0fe76d1cc039fafde62739ec9be73e doesn't match
08-18 06:44 root         WARNING  76b6f5da8f203862b90b974723bc90acd2376eba88d125ed8897f0a256949ba6 doesn't match
08-18 06:44 root         WARNING  9b602fb3a947f7ca663085b01d3571a599a9df0aef4d1e128f587b2d25c12794 doesn't match
08-18 07:01 root         WARNING  199b89a857c23804c9e2dcd112e45403e5608318cac3e637931a8320a7da5fa4 doesn't match
08-18 07:08 root         WARNING  492cdb3c95c1fe0c597d8dc847adb5459d403ea083f4b5e706300d437c84748f doesn't match
08-18 07:11 root         WARNING  d56c7d2094fd5f43c195c600e3689d199426e7b1203a4d8bf7e1df112b0cb1ef doesn't match
08-18 07:16 root         WARNING  f90f11af82c91793a671eb0647128e6be57edea85507b7217d1f61205f9683a2 doesn't match
08-18 07:16 root         WARNING  f6512f1120eebf4a8164197aaa39e5024f77f252db8439d1f56f35be6bacd948 doesn't match
08-18 07:16 root         WARNING  ea53eb91c2bd722614fae66878b37fe7bf9e7eb4b0778348d2250466f07af16a doesn't match
08-18 07:16 root         WARNING  02de3d24bccdfcbe7e544db41280fa1610a176d2fe32a45bc7d2f2271c0a89bb doesn't match
08-18 07:16 root         WARNING  609e2b34a0a44eb1ee76156199384c4bc4b24c2e5dcbac32d85d4dee68d288fa doesn't match
08-18 07:16 root         WARNING  d915059302eb07421cc01525b19307cd749a1394313d6d79172dff05455926e2 doesn't match
08-18 07:16 root         WARNING  9e83b653820f2fb7aa781bc2ef872506cbe105e140d9b3d085bcace7af7d03cb doesn't match
08-18 07:16 root         WARNING  da880d16f5fc409b7383c1980da27c6da11c55891317dfedb7ca8264f61eeaf1 doesn't match
08-18 07:16 root         WARNING  44a5c8d89807c58f81b246700e953b088e026e23568584c602c31370fbf10256 doesn't match
08-18 07:16 root         WARNING  4d7e500e89486b6ed61e87f8204c12b8a500bdf9c202daded1c15fb9e5025ed9 doesn't match
08-18 07:16 root         WARNING  b24b2e749720e54b3cd1504c3f5a2c233d933cf6f59f1acb397592bbbbc64941 doesn't match
08-18 07:16 root         WARNING  be5105db78849fe7225e9d683bce9592fcdd941ba456f99039d0f813182c3eb6 doesn't match
08-18 07:16 root         WARNING  9aeb56180c74bad9d6de2a7cb6cf8beb999a0223e662e37a76046cfe7ac10aa3 doesn't match
08-18 07:16 root         WARNING  ab1f2589a8fab1832a682402d9c19dd3118d08da2a28a15f7ae11117552a3bee doesn't match
08-18 07:16 root         WARNING  daad6f891186cdb5c1ca36ca243fcd4b36d30b63405471d42d72c19ef3d583fb doesn't match
08-18 07:16 root         WARNING  cbe7b387450c713150e72f010cfeec2d5d9d0e665f2b4a116b21530632d958b8 doesn't match
08-18 07:16 root         WARNING  efc0c0c33b8ba9655bf3ed122b7646541c5b4924671e698743d6f8ec76128325 doesn't match
08-18 07:16 root         WARNING  a4469a429e7b5d3b48c58ec001f5dd52a605367c64a2840bc8fb9311f095a417 doesn't match
08-18 07:16 root         WARNING  cf2645834586060ae436c6875b6464aedcb22f5b01d2e2c23eab3dcd9630d17a doesn't match
08-18 07:16 root         WARNING  72c091b9bd7f0271e3ee6b9f9a3ba622395be22b99d88df0b27bb046d3df9871 doesn't match
08-18 07:16 root         WARNING  9b5d5d0d5979831a25e17d712be10031d9db91edf88dd7934b4aed468f1cc941 doesn't match
08-18 07:16 root         WARNING  7340303260a35e7017faf0d74d31b616aeafb2b0581282a69757c4559d475b1c doesn't match
08-18 07:16 root         WARNING  664acebe713ea2bb2cd09978d195ddada8eaf71c45e2a62db1b29bf828362c60 doesn't match
08-18 07:17 root         WARNING  520fe4a4faa90a5a65720d283f1528fac158b0dd3e930d934e5aa8ae51c7ab37 doesn't match
08-18 07:18 root         WARNING  a8c7448719f3cee039cdadab9c38952b0109072122e0dec15857025a76d3e1d8 doesn't match
08-18 07:36 root         WARNING  0358f22966d833ba3ab7beb841c4877a9325a4481ec5bc147ad459fd4c9103c1 doesn't match
08-18 07:36 root         WARNING  7cb9e22a8280feb673e02ff07dc9c8759d1603bb0eee7fb163dc1db2a68840f6 doesn't match
08-18 07:40 root         WARNING  d6a3871eb6b12c9c3616b7f2b594ed9b7abcb2c6fbce63f9a5f07d4ab08daeb8 doesn't match
08-18 07:41 root         WARNING  c016143139dffc544fb0ac2726bec0fb60a2fcb5e1a04c34177ab0481faec7c1 doesn't match
08-18 07:43 root         WARNING  2be5715019ae82cb35959cda6ed59bbf0c9393fccba19f921774ca115f6de5e7 doesn't match
08-18 07:44 root         WARNING  6c78250a7f8e2e9efdc9317c39e07a7c4dc2fadb911c6de70ffa4dfcf5092e98 doesn't match
08-18 07:44 root         WARNING  a73588876b12fe5723aa988b3513582b6e222b4b3e68429c37646e751333de5f doesn't match
08-18 07:44 root         WARNING  b602ae0396674acec2e61e3abf6c4fa3c482b680d10eda374776a8dfd00898b5 doesn't match
08-18 07:45 root         WARNING  c1eba80437d4c9ea03f04bc78eae058565c97e63d0b2a6aafcb3685ffe3269b8 doesn't match
08-18 07:45 root         WARNING  697ef715bacdf283e5d635c1efc985a6a39710afa24fc1eccb8a31d4e145ae97 doesn't match
08-18 07:46 root         WARNING  168ffc7675cc3f9a0c74690b1fff078d2bfdd70b660b9d860478476a179d14cc doesn't match
08-18 07:47 root         WARNING  fea3dc7b0e4fcaa32b90679be827cf27fcd4c7505e509aab854490b8241cde74 doesn't match
08-18 07:50 root         WARNING  cd970f4254dd34b6d852d7c20d1788318759f043e096bd3d001dc3b5a1787b61 doesn't match
08-18 07:50 root         WARNING  45b3f32a05297a0e9a3ae0fbc97d35002bcdafdc81f39b57edcc49edf798de92 doesn't match
08-18 08:05 root         WARNING  f8728347d2131be897da626183f1225a756fe28c247829fdc7d914a97c230a7d doesn't match
08-18 08:07 root         WARNING  5917f516bf8094b7d1137f8e0dcb575f6a08da84be60ac50e27ae8293473099c doesn't match
08-18 08:09 root         WARNING  ba99348a3ed9066619467a7c9bd599799053a0b8e1323337244faa4500c83fbe doesn't match
08-18 08:12 root         WARNING  0c60a0552483d812b33e5e91cb430a21386d740d7417bd51aeecf297501edeb0 doesn't match
08-18 08:14 root         WARNING  200f3f6f8a91ae438d1924e5cedca98cea7f0197b9eba11343948b5621ca19ed doesn't match
08-18 08:16 root         WARNING  22ca8b09dc1294e5259594e056be440c9232365d7a27f55645223e12b40ca134 doesn't match
08-18 08:17 root         WARNING  a925e7f27e408d21f1c414a6c7524c32484211c6744358eccb1aea0e8bc3b202 doesn't match
08-18 08:18 root         WARNING  a96bda1363e8968f45b05e3c1940ba37b18de53de0157d453ca9bfc44913768c doesn't match
08-18 08:44 root         WARNING  38a444b6fdffd10ce73f0a10a0d70fd90d509561986f861664cc910f5898b369 doesn't match
08-18 08:44 root         WARNING  112aa87548a7964767a81a77d44af9d7b8017bb22c677f7a0809f61d3198f03d doesn't match
08-18 08:44 root         WARNING  9e03b78be57fd34ea8a8d29a681f9260a464b2c6ecb1c9bacc263904678f21b3 doesn't match
08-18 08:48 root         WARNING  aaa057d47edb4f592eca9d2807e304f0436dae281fa8dd5e031effdbaaf6c2a0 doesn't match
08-18 08:51 root         WARNING  8f41e3a601391a028fc2f8f8921c768c3fb09f59077576085246b6ba72a2e455 doesn't match
08-18 08:52 root         WARNING  53d69f6edf6f2d76b6f768264458931860b30df84c12dda80be00ceecf4f63da doesn't match
08-18 08:52 root         WARNING  b513c046e3c6225384bf981ea9e45c43ab6a8f0fb9fe3f8116bc973c688d65ef doesn't match
08-18 09:12 root         WARNING  196922612f1180758a52152a64ffcdc60494e337ec1f6cc9b05f13b395d5240d doesn't match
08-18 09:17 root         WARNING  97c3b468b9b1594a31d8dc40a6ef1b42516d22778fcadd792e1a6f2f748dd537 doesn't match
08-18 09:18 root         WARNING  b3a2ef05b65b26f4215ea639c61515ca2dce22d51c9ce07d7046be0e45b81686 doesn't match
08-18 09:19 root         WARNING  7e854c86146aaab99bce15969f5e7a22329f445e6ccc124bfebb1321eab75ff4 doesn't match
08-18 09:21 root         WARNING  96e9340d200d233b15f05983b281f1e43264335a5acb15f3aa5dbe6ff52e4662 doesn't match
08-18 09:28 root         WARNING  815cf50bff0ab12c66499bcfa9ebb9540ccc06a1942d57cfa950dfd6fcfced85 doesn't match
08-18 09:48 root         WARNING  7b0740b6985d4839fca8a54e1caa31ad5adc236208244946e2623f1f7f3d72e2 doesn't match
08-18 09:48 root         WARNING  21f9547b064f480ac7c900af20cb5932a3d5ae9273a186844ee4566212af27b0 doesn't match
08-18 09:49 root         WARNING  a52c74ef7b0416a57d42b6dd8670e26e8f90d29a3e4fd493ca1d00f54babd587 doesn't match
08-18 09:52 root         WARNING  f5a087ac72052de45c331f5be0e16d03c3f6c7e08787391367ded0a91fa72c8c doesn't match
08-18 09:52 root         WARNING  acc6580dbb8f637b415b792b020e976db6a330b4d1a2c09721f6294bfe1d07ec doesn't match
08-18 09:54 root         WARNING  e073e32d16b30aed9ae14ed641f7b332920e28ca3bd4039ec8d2d97825d6346b doesn't match
08-18 09:55 root         WARNING  65994f2b366158101d2848b1456d89f4c4d7b1dcdedae7c9e32e30fc875d9d95 doesn't match
08-18 09:55 root         WARNING  44d2ff3200649dbc34cd862576a89fb2d27f36fd2538fd9089d053c420d3cc8a doesn't match
08-18 09:56 root         WARNING  0df357643740e0fe34f8984a1d0a2958311a4b4b6e1df9dcb8a8e2abf723b2ee doesn't match
08-18 09:56 root         WARNING  5ae7e501811e29c00e5b02b1701843b7cb48f00779015f33300c78fd5d48fee7 doesn't match
08-18 09:56 root         WARNING  2ad724e5f9cbaa8c33ed545bc064bbfc615199c8d92ed46e501d8742e8831653 doesn't match
08-18 09:56 root         WARNING  b42038bc4adfdaa54eb4a23fb3cd06546cf7be285b7ea40c1f4fb6f6a59a5082 doesn't match
08-18 09:57 root         WARNING  64753ff4cd9af2c7d6fd95a7413edecd4d6be0a10e751c24211c901b50fec399 doesn't match
08-18 09:58 root         WARNING  2acc67915cc6c932ff76229622d09b3eb802afeca940cfcaaf2f8f5ccf62cd0b doesn't match
08-18 09:58 root         WARNING  e874708ca0226936a5286987c126b26f9043016cba6bc012cbb41e0b3cc2cf3b doesn't match
08-18 09:59 root         WARNING  748d9278afd590a7ca81846a7a930eb99f71a3007825bcdd8e6cfe8a6990648b doesn't match
08-18 09:59 root         WARNING  42975fab62bb50a8cd4e5f5209116f40a5ae7e235c7609480fcc9b7f83383865 doesn't match
08-18 10:02 root         WARNING  2ad4adb148871fca6f3d2b8fb64fb35264f920179b383a0b4294f3a200588d44 doesn't match
08-18 10:19 root         WARNING  2476bbc47a6f17c75134c5e1d9109d75af1cb5f99c9baae8836c1f2782c356ed doesn't match
08-18 10:20 root         WARNING  7abfbd75bef39040b3b20a397b3affd6b7f0c647d0aef59aaa717eed48d762b5 doesn't match
08-18 10:20 root         WARNING  7f36df0c21a008646adfe1de7107f20eb77e46adb77870cfd0aa8e3bf4210204 doesn't match
08-18 10:24 root         WARNING  27f568c990faaa0b413d0c19c6d624ad1450aef45989896c4cb68e7e74b0b295 doesn't match
08-18 10:25 root         WARNING  aea554284336cce0aac7939ed174ae9acc722a28a2fedcc164645e468adbc9eb doesn't match
08-18 10:26 root         WARNING  408cb9a45a04882080519c98c21ebc0f313f0b2b7bc5dfcc7109980c0e451a79 doesn't match
08-18 10:28 root         WARNING  baf07e0fc88554b7cd3753c5b80e95c24523fc493140c3ddb58431e1147b125f doesn't match
08-18 10:32 root         WARNING  ed529a82a4083783f90db5485fb368050c0e6fc5434b6c0d6ba71a156eb7bc75 doesn't match
08-18 10:35 root         WARNING  f1d1aa3311317d7eace9b563fd1236804afcf40aa38d1a867e9b9d84a9c10fd4 doesn't match
08-18 10:35 root         WARNING  1c626fe1c717788992ae07fe532af5f4553e7ae29cdd59a3f7b09d84e24b17d7 doesn't match
08-18 10:52 root         WARNING  686c80668312febc46301eacccf028cb2b9e0eabc93fff53b4be497650ced927 doesn't match
08-18 10:56 root         WARNING  71f053b088d7e550c0dd24edadda6547b99d9d4b30d2f0a7230668e0cd187d59 doesn't match
08-18 10:56 root         WARNING  35c0e71139e294e7aac7755cda3621befa8bf4ae403158e3b38455ab628a9c50 doesn't match
08-18 10:58 root         WARNING  644dab5054ad8600a426d6c1b8dc2eb7d33836ce96d59082c0c70795d099bd56 doesn't match
08-18 10:58 root         WARNING  d3120434e7cb62aa2bb2ed98f99479da1fd0af1720a091fd6bef25c2eca7486c doesn't match
08-18 10:59 root         WARNING  7ca7a5dd370984819262d2a8dec220d5c640314fa71ad8251857fc79743b98ea doesn't match
08-18 11:02 root         WARNING  a14472478f108d2857f07de7409aceb626716400dc14d2472c06ff3c57eb356e doesn't match
08-18 11:06 root         WARNING  05eb5848f09bdc3d527c466c24bd7e42022ddcdf614d059e5d4c00f02cb7af0b doesn't match
08-18 11:06 root         WARNING  6affa593d2c14cf9dbc79e33b1eb79746154dbbfcb25b00908dc4855011660d6 doesn't match
08-18 11:07 root         WARNING  a68194ecbbf2dbcd0584066a2cace95c84b82fd08e6cb8e7ac4d2a70f7b21c6e doesn't match
08-18 11:09 root         WARNING  8fd26a9c5fe10d779e52fa9b124f153a184fc36ca4d1c8ed024001e88710d9f2 doesn't match
08-18 11:10 root         WARNING  f8890cd4a4cb7e189bff0d3852647a512d08ad10f52f623c2bf420d362533a2d doesn't match
08-18 11:29 root         WARNING  43722796d9e758f150f79f1f2321ea61b8903d1b638a39e228e5e5a481456f7b doesn't match
08-18 11:30 root         WARNING  636279ce2c3b678f4c587b5b240dda3f29c2cc2cfd712c4c49a5b04245ed5278 doesn't match
08-18 11:31 root         WARNING  03f30beab9872785bc389e36a84d04951c499e50b8a08f0345a272b30639444c doesn't match
08-18 11:33 root         WARNING  e93db7be3d0846bc7655b61b22011c56ce372f8ce5752aa2052c958d0eddcbc4 doesn't match
08-18 11:35 root         WARNING  e62c9f32ac2a80f00ff03dc077a653de5a0836cbfd29d2f671ae69e1bf043155 doesn't match
08-18 11:38 root         WARNING  8d2819db3a3e7982fca4aa13be805e57e223ea99d2956133a9265d0995162ddc doesn't match
08-18 11:40 root         WARNING  28107b66e22623a623166820531c3c4a1c03924881bf5518cfaf8bf9a1a9aca4 doesn't match
08-18 11:40 root         WARNING  f073c4f99356d817b734d3f3e8300c6fd8abea7e30ed713d0efc471d0ba72a29 doesn't match
08-18 11:43 root         WARNING  90412ea51454e51bbe9b3fb0d64b3f4609debe6df12cef28ce88fc90d6f26443 doesn't match
08-18 11:43 root         WARNING  2a4d06ff322142c1e0e5602564d0d9eceef164600f8caac8b781e5741818a16b doesn't match
08-18 11:45 root         WARNING  df770505d3b77d81a1612050d14220cb4d815230a9100794df8e68eaa6cb61dc doesn't match
08-18 11:49 root         WARNING  6c79d7fbe838a0b43681af68560a1ee10ee6c12fbb83b5765b6f394db02039b0 doesn't match
08-18 12:05 root         WARNING  fedf5f7565efa830b9d6130dc6a5c3cd43efdb1c90b4575f1b39e908083a3d6d doesn't match
08-18 12:07 root         WARNING  b414c131eac75894b9135e23beaff8660abc697d811282b3ce0e2274ba4ccf23 doesn't match
08-18 12:07 root         WARNING  385036204013412b21781ff196274f3d66c5dafcadf5ea828ca87bf7ae8c0f1b doesn't match
08-18 12:08 root         WARNING  12e0ab96b5d1ab578f562d6e22a951ac3a5bd11180c584fcecfeec0d392b345b doesn't match
08-18 12:10 root         WARNING  748f6b3a720f867c21d7d860a4e8108970b194a85b7e75bf9db1dd32350f0247 doesn't match
08-18 12:11 root         WARNING  71cf560a0f4ed4f4f1eb1785811c0ecdaae4a3b41af0568f188ded0811bb6bc5 doesn't match
08-18 12:14 root         WARNING  487acabc00e00917702acf4c312c351c5ecffe5fbf1748bca4e0edc11411174e doesn't match
08-18 12:15 root         WARNING  706baf848fd50a4748899b001067c3b9f624a680eaa332ef00f68a6e2e4cb9a4 doesn't match
08-18 12:15 root         WARNING  4db2931e6fdee448795e760f01ba276ddc47f52038a29f594f100d92f64a2838 doesn't match
08-18 12:18 root         WARNING  c73eca46e0dcf8e22bc49c1de0421bd5df41a02a0e61d96ba054e0930409ce62 doesn't match
08-18 12:18 root         WARNING  4df8113472d9d56978ce6b22888ba6c53a616ea204adcce5af400494ae675e48 doesn't match
08-18 12:22 root         WARNING  55ab32512e7c306b99e167131d94e8e7a1416409e5ed6665c6ae9f99eaa2768a doesn't match
08-18 12:33 root         WARNING  08f9f4c7c851af9b2eb8e3cdcf2ae60a487ece274af45571ad3663c82529211a doesn't match
08-18 12:34 root         WARNING  c73fbb70e41a7f9762325956a8a632c57d860e75c51252d928d65ab419d90eaf doesn't match
08-18 12:34 root         WARNING  d775dcbb087393215a06db2933e043534ba413aa7f84d8aaa572d77271b45c35 doesn't match
08-18 12:41 root         WARNING  d403b0486cb7616bca6d348ee968a21c08b6612540da82ccedd958d1b845c519 doesn't match
08-18 12:42 root         WARNING  a2715364df71bf60d72001594a11c37ae70c50c4afcce6d1a302f9c8b2b1b684 doesn't match
08-18 12:43 root         WARNING  b644d96dbff18d556b20b53023dc7ab098c78fd4ded5aa95b0f9c54681122d76 doesn't match
08-18 12:46 root         WARNING  e126e8f971639e3305915ce8368aaf8d17dff862e4936b54ce68180bc8a10507 doesn't match
08-18 12:46 root         WARNING  23e3665478cbd1c268cf19ad2d8db201fff2866a53de121c01d9fc67827077fc doesn't match
08-18 12:48 root         WARNING  3c64539c8712f2bc69fe0fa77ae2891e7f1cffd8d6e21ab280f645f79f83f674 doesn't match
08-18 12:59 root         WARNING  ce1aabd0f1b698821b92b4b1d63502ae61d2348d7e67daae9c3992039efc706f doesn't match
08-18 12:59 root         WARNING  6eb3223aa9898aa3c0cac2bfc3333d22825434e1f576f5f331a885075b4de6fb doesn't match
08-18 13:00 root         WARNING  39ed6f7648a7da06e69d79a6f735917c1942695bf8ba17e5144c0013ae0a5699 doesn't match
08-18 13:00 root         WARNING  eea243aeaa9deb03ff7a973d139baeda527801e01effce1d138c7fc9e479dbff doesn't match
08-18 13:00 root         WARNING  aee08fe93f180a3945cb28b1cd1853108bf2b112808c81f0fcb8ea7741a797aa doesn't match
08-18 13:00 root         WARNING  a4d646abdb921e754081fd63efb51c79163d05ddb5abdc183c267d96b0fe6b31 doesn't match
08-18 13:00 root         WARNING  fc4d5bc2c5f74a638879987cc08510f84caa392c70f788de9b3ee55b108de9da doesn't match
08-18 13:02 root         WARNING  c72baa315df9da40478260f03267035ade05e74e22fae1051bbbb84a602ec41f doesn't match
08-18 13:04 root         WARNING  d48f808c210b510150b08f8b745ef93acafe497583517572ea13df37adb48dad doesn't match
08-18 13:05 root         WARNING  7d0d5e8abc1bbcfa8aaf4569130f10345270b75928b1124c96aa4bd3d540f9c9 doesn't match
08-18 13:06 root         WARNING  a698157874d9399598f0c7f59d8e1fa2a37d0ee8071ef3eed6878bdde3bc1de3 doesn't match
08-18 13:06 root         WARNING  0274cb83e1e110ebc86098292210d3294698e841e9c4dadae62a1768548b1bc0 doesn't match
08-18 13:09 root         WARNING  1259e99428f2205a109b137892c8ae9fcbc86566ec6b51a91f16de05e9a8caf6 doesn't match
08-18 13:10 root         WARNING  21018d0d1ce9657b01e5357814c3801dd6c32e707cc69d31ba97dabb066fffef doesn't match
08-18 13:10 root         WARNING  f7468c54c618da91a6e720bb8d06b19a4a46b95a0e684ece7d4af2a428288bee doesn't match
08-18 13:11 root         WARNING  1c901510e07238031ef345e75b8f09e7cf743ff13d0a06343ef387615e36c506 doesn't match
08-18 13:12 root         WARNING  029aff7036598a1224f5717efec7a67ffc69b09f369ed31ae74da336384a8147 doesn't match
08-18 13:13 root         WARNING  33940cbecb9dfd12c15d931007c97886b3f50b1385f1eba06425433a0732e729 doesn't match
08-18 13:13 root         WARNING  da56190ee49fb460b536658fc248948e898b91c5c85c45b661041e3ec5bb98fe doesn't match
08-18 13:13 root         WARNING  36edf89f77c8ba5622cfa9383aa30bbd0e84c3b77cac0a184f6b3f88861060dc doesn't match
08-18 13:13 root         WARNING  3cfc136789a8e18f6e6c0fa73e7c6e5af8ecef334135aee5006084eaff3bb582 doesn't match
08-18 13:27 root         WARNING  e946c956d6905ee21d49d2e2fbbafc24c563d9e499463219a493fd8281a143ea doesn't match
08-18 13:28 root         WARNING  31e7fdcec9e4a1dc0d1c9a30f7ae2f71e417c438a602e2cb5f85fc808e4c6a20 doesn't match
08-18 13:30 root         WARNING  865b64653fff9a1d59b9cd8a4c542fac46e2735863d33ac5225be94ecb0f8f47 doesn't match
08-18 13:30 root         WARNING  c692b8b94ae1c6506d35b321992395103ca93f860b49c144d2ed9674c5ec7d55 doesn't match
08-18 13:31 root         WARNING  6cee724dd2935e19ce6c5cf0f8a74680108a552a41f0742313ac62c82e45701a doesn't match
08-18 13:31 root         WARNING  9ef28edb0588ab0f5d89730a6fd8b6ab5d0b7720f6652007b3d37bbaf7e6bb26 doesn't match
08-18 13:35 root         WARNING  15d46b811e1d553e12d97f979386b6e8395d049d50974793f2a62e52ace7fd31 doesn't match
08-18 13:39 root         WARNING  9232c2b7edc9c92e330eb9068fb8c93178b517a9895e7a2922ee8b7fffbb3006 doesn't match
08-18 13:39 root         WARNING  69e4e53191817842d5880222589dcc8e1ef70ce5366eee72ec7d07629ca77514 doesn't match
08-18 13:39 root         WARNING  aa89d61d2a5b4ebf134ba09dd3fa926e703ce298573f3409f641efbd701bf237 doesn't match
08-18 13:39 root         WARNING  2085bba892be7eda55dc497051e85b29b450e176feaecaa3988762e5e27df063 doesn't match
08-18 13:39 root         WARNING  1e69206e34d8406097052407f24dc610e10df0c32c64f5a4172b1b500b736daa doesn't match
08-18 13:40 root         WARNING  4b9f915e641de21c8346176a14964f67283a4689882b2897ad0402fa5adf83df doesn't match
08-18 13:40 root         WARNING  ec600ebe2828692365bba8e7aa7bc4be0f9b93c53933ff17605e90a149aef030 doesn't match
08-18 13:41 root         WARNING  dda963eb22bca38829eee11f6f81625a497c97a81c867071ecece59b6f27a6cf doesn't match
08-18 13:41 root         WARNING  854775464dc3f2bdaee777423a4348644274555ab02100294e67faf7819ee1b6 doesn't match
08-18 13:41 root         WARNING  995457e8b150576d70777ef325d9255587910e9fa14297118c88e266a450ad7d doesn't match
08-18 13:41 root         WARNING  e12ade9fa49a99ac24de92431e862e5e19de1369b1e41bd14119e565cd29cd6a doesn't match
08-18 13:41 root         WARNING  60e75840c721a87b5b51db21cd4858dcd84dc7b7a2edbe96e07481e9812a9763 doesn't match
08-18 13:53 root         WARNING  49c4a20c23331233f650b1103eb624e10124b2184d9c141ad54758355b4ae57b doesn't match
08-18 13:57 root         WARNING  57db5e0184d0cb85a671cec482c6e1c15ef9724b41f80b8bd85927d4ec0efab3 doesn't match
08-18 13:59 root         WARNING  2943388a507c4a4590dcc1eb6c8a4d50c7aa2ff1d09a5b9e7c3cd78c1cbbdbcf doesn't match
08-18 14:00 root         WARNING  35100507167326366e4721c59eb7af0f066ae9af607e43c12c015805296e0ce7 doesn't match
08-18 14:00 root         WARNING  5b2c3acbdd262f11d16fd01443cac9508298a0fdab85dbb8b2f9983f7400fa19 doesn't match
08-18 14:00 root         WARNING  4ad31c1283b9654aaa214a008237516cb1bf4dabd36ed8561eebe194dd40a637 doesn't match
08-18 14:00 root         WARNING  d6ef8961e32e6b52648df6fba377056ada0c2523cf0cc6f0d93c1be06c172870 doesn't match
08-18 14:00 root         WARNING  1aa85db227d1a3633bac973e60c806ceaad2fd8b5c5dcce5e952ae9b41c5095d doesn't match
08-18 14:00 root         WARNING  6b04b6e983e44bf82702cfbaebc34c732b4dfcefe1fe26b381aeb73a732cb5cf doesn't match
08-18 14:01 root         WARNING  4dd17dc0ae875bf996121bb554fbaf75800169a212c07ed8cc3a3aeaa06d770a doesn't match
08-18 14:01 root         WARNING  ffd64f74842c249aa0e5f2975285c26e8b58f2bf03da5a9ac9e0aaf5bd257eb2 doesn't match
08-18 14:01 root         WARNING  7614b3dd8005caab25b5a42733cb437bc18b1d6f2baf7c1f4f42ccb31d3578eb doesn't match
08-18 14:02 root         WARNING  2f1c9a7849e358806a13257d0851484cac47653fc7493b22f08e5f0d6482ba37 doesn't match
08-18 14:02 root         WARNING  102a9d05a0e7443da81af6fb270df531dfecce0e71344fcde78f00539bddb581 doesn't match
08-18 14:03 root         WARNING  e8133535c04604a300b685693bc65739348f560b2946b138e3dffb769ff66d24 doesn't match
08-18 14:06 root         WARNING  0952035722e216aa03710df005b7ca933c277be312d9629921353be92f9ad935 doesn't match
08-18 14:25 root         WARNING  6067591b805ca060214777e5ad1644bcdbd5af9393f3282332030172f0833a2f doesn't match
08-18 14:29 root         WARNING  fed7f4f56ce01ad0e799392fd729665ff59ee1ac2db8585c1ad14492968397ce doesn't match
08-18 14:37 root         WARNING  a7283705813dee3f47adeec832c379a73c134db28f081a51a1c30641bc5ffcec doesn't match
08-18 14:40 root         WARNING  fc8a305eb6aaa7031c9c3c54609613df1e56fefe1136ad28e542f0f1675719ae doesn't match
08-18 14:40 root         WARNING  8579fbd2d7de70ef70b11e00d5954c7781917f68e487e4273f32beb688e1bb57 doesn't match
08-18 14:40 root         WARNING  852131e016746b22a0ecf6c911e8a72d694dcf5935dcab34af5b97cb8c290c89 doesn't match
08-18 14:43 root         WARNING  42f2f54908705ecfa945d0fb4ed974d9a836c049978a028e030e5cc1bfd50169 doesn't match
08-18 15:00 root         WARNING  097109ebd139f1a19449215669dbe65b7333100d8a10e6760f70523901df8471 doesn't match
08-18 15:02 root         WARNING  1148447c4476c469fcfed7da518ce7c4de19be69b034163c8123107dbdbd3751 doesn't match
08-18 15:05 root         WARNING  7e567a31e5ce552379e00891f296749c5f239747f2d5ce11b932bae1ee1aac4f doesn't match
08-18 15:06 root         WARNING  da94ffe8d2336f768daa03983e1db0261528cffc50e765fc699a2775e73beef6 doesn't match
08-18 15:11 root         WARNING  75ad576aced381274dd9edec15dd7aa69a78dbba4ad52284f533b831d22df313 doesn't match
08-18 15:15 root         WARNING  07b02bffd15500bcb353e754e666d0e7cb5ce3204611bd4459bc1ac23f2dcad6 doesn't match
08-18 15:17 root         WARNING  3560145d039ec28ef131a1d1f60c9a99a85d9c004520754fad567177749dc5a0 doesn't match
08-18 15:18 root         WARNING  2ff9da9acc282f5334cc781bc8fc9fa4cc9ec11d535798a9bec5ec0c1ffa35e2 doesn't match
08-18 15:18 root         WARNING  8b95e7cc76b121867b81ddc2ea1d4aed5d50434098624fa51ad38c67be571824 doesn't match
08-18 15:41 root         WARNING  8caa837f52e7f9242c884f1550a601547a04ab3322dae977cf1a06af6a8bade8 doesn't match
08-18 15:41 root         WARNING  8fef2178f0ccb9bf8829cadb88e23ed9afb927d8eef3736cf05aa5e0130341e8 doesn't match
08-18 15:41 root         WARNING  b16ad3fa83664b50577482edc596ecd1d2c3f2554cde7ced5e8c8b12d899d442 doesn't match
08-18 15:41 root         WARNING  db003cf1824259a434c4d03afc0cf33e4e9d1c305687c728e08818403bb23713 doesn't match
08-18 15:41 root         WARNING  7323131241fc9546e414291b708c7d67fc99b74c1d3774121e02327281cb6a03 doesn't match
08-18 15:41 root         WARNING  2bfbb730cbcff41d7fe24152522bb8cc3dc42d4292163298bf9dea331eb1d93e doesn't match
08-18 15:41 root         WARNING  6cd37d146cba0bfa00480daaf29ed12549b4b1a7f30537f85f29a65f074266e1 doesn't match
08-18 15:43 root         WARNING  0b528feab8ab2e2d1ad1417aeeca5267e7948513ba2d91477a308674e1008700 doesn't match
08-18 15:44 root         WARNING  3f7a74c9fdab052c7e912666fa5f94b3ab0efea058b6fbe79712856c24f26c61 doesn't match
08-18 15:44 root         WARNING  49c93b1ee1adf4fe89adc63faff90a7d8159bfd48f8d0cf93e96411d4ebe3ebc doesn't match
08-18 15:45 root         WARNING  a616f18f78edcb584088010bb0cee2637a6922c5c9368182587662f9913d5db6 doesn't match
08-18 15:46 root         WARNING  ed28666ac6158115dd5cc5746c75c3a4403ebbbafd7774927858380cd06e70a0 doesn't match
08-18 15:48 root         WARNING  53b2773ebccf2febbfd0318c8a34ad477574c06c1ace77f56f0839d06f6deee7 doesn't match
08-18 15:51 root         WARNING  9871aad09a59d7bcfe1849c89ca3266dca7be880534404600405661692d97b6d doesn't match
08-18 15:52 root         WARNING  bbf79f576b898bd167c0888ff32986e5d23ab5aaba0338ab54b35a163b9f8e66 doesn't match
08-18 15:56 root         WARNING  d9512d821453c5a92b30aa4fda16ba372509415fdcb16ba0278e0caceb0f2425 doesn't match
08-18 16:29 root         WARNING  e01a190b4550a4af3dc13f66431f1d848d90d91bacfe6ff89805f63852aa9fb8 doesn't match
08-18 16:30 root         WARNING  0f31db0a64269ce06a7d4d4e76cf26eea8aa92c41e21f095d01ea7899f4db07c doesn't match
08-18 16:31 root         WARNING  758c135cf175307412113834ed9d43d367a77fe366f5202a96e716743eeb1cf5 doesn't match
08-18 16:31 root         WARNING  67ea8ff424329e2f6f9af4964a6e6e898564ceac99ed303337c9b142b5000e27 doesn't match
08-18 16:31 root         WARNING  07c1375fe94647cfe46fefc7d6241cbeb2676c06d223a2fb557c7263f44cdecc doesn't match
08-18 16:32 root         WARNING  34380638317e957376215e856c3deabe05d060144d880c377554b30505a87024 doesn't match
08-18 16:35 root         WARNING  ac53e4c77f2221d35937be3fa49ab330483f4d7209a6f95fd653bdba21c96de1 doesn't match
08-18 16:35 root         WARNING  7aad0e7bf59d6b3ae86c84053f263590dd6371f453f64977df09f89aa2aa9bfe doesn't match
08-18 16:37 root         WARNING  5338a57ff9d99dfb34dbe3f33fb559f61d65b4a4efe6482c3114c8cdae7bba01 doesn't match
08-18 16:41 root         WARNING  9f4cb563e6159af9042fe132616d5131d8f8d585dfc385104a1686aa998f094b doesn't match
08-18 16:45 root         WARNING  39de1ccf30358dc5a5f35e00bcf392390a3bbbab8e8bb5edf7b4e62a8fad7ce9 doesn't match
08-18 17:00 root         WARNING  12a36d33deeb7b5b41fbfc119d04246b3ca6fa9296868be90f5bb1dfe691fdae doesn't match
08-18 17:06 root         WARNING  b06d96fc6b20321b77c3215fc5e9c3146a20a85644152a2bcea245d6a018006a doesn't match
08-18 17:11 root         WARNING  63f9de98b18e854b5623f42586fd0f5580cc01967112e4f78415d776ec8b7f27 doesn't match
08-18 17:12 root         WARNING  3d45d37f13df41e1d2794831cdd20f14c2a78508853cc4dfdb95cc91acbe474e doesn't match
08-18 17:20 root         WARNING  b5dd7b8cfc3fe969d535b703884381ccdd09dad6e2c8ae36fb708fbc0e78eaa2 doesn't match
08-18 17:21 root         WARNING  e9b4208561b29a9ab934ca2c7de88b117b2c3e720015883e2e33a36a9dc15796 doesn't match
08-18 17:21 root         WARNING  923222955ffd79c110b85ee97acb8299dd7170f794edd573c1d33c0da3462d2c doesn't match
08-18 17:42 root         WARNING  94af71269165ab985312c4c8bdb309f17c8e83b60f2540e2400f18c4ebcb4767 doesn't match
08-18 17:43 root         WARNING  218ec4e299540dda98f2fb3d75d7499e2a8a07d104fcf53ab5373548380372cc doesn't match
08-18 17:51 root         WARNING  568f1767124be0f26d9830008e79b49b9237cf973cc7dff503974dbf15b84d42 doesn't match
08-18 17:55 root         WARNING  53d97c0372869a496163eaccdc0ffc232b8cfd7d165c2f6a82b513e128047783 doesn't match
08-18 17:55 root         WARNING  548dc686d48becdd8b1168f0582511c4752e484edb5fd516d7bcecd6172fbc3a doesn't match
08-18 17:55 root         WARNING  d22795b8768b93f82c329bb12727d5840ea8e2c5260942513546b3147088c87b doesn't match
08-18 18:03 root         WARNING  b57e462cddba7b63fe38f3a5087e3c899d0aa72000d1fe721d155b4028a13da6 doesn't match
08-18 18:04 root         WARNING  03bee3525771220904dad8c66a1026f97c9c4efe14c757124cd99c57e8b0d378 doesn't match
08-18 18:04 root         WARNING  668fad4c8c870c70cb0fed87acea3266d3cd5174d4d783a620c5b5517fc91871 doesn't match
08-18 18:05 root         WARNING  22ab06bbca8ddb318daeea4556c4713c98fe024629481a980b893ae8ccbbe451 doesn't match
08-18 18:19 root         WARNING  af7b22ae00084590fe0a53cab56f05c04276c323ea5b85d8fcba77e53238d241 doesn't match
08-18 18:20 root         WARNING  a69160f073b6dd1247e260c1c180bf28e09c627189ba061adfab34cda4a9287e doesn't match
08-18 18:20 root         WARNING  f226158a82be44f13f4ab4adb5b4f5c0ec1d0df4a2b98f15df41e24cc239bf79 doesn't match
08-18 18:20 root         WARNING  addde7eb3d1bab601d579358527c00402ba2fe664c1db5ee6bc656cc5ceb5970 doesn't match
08-18 18:20 root         WARNING  d9cd68d764a2efa6ec75e0985d1e51c62fa64a721e6e2db45cc2e0eb34f4b013 doesn't match
08-18 18:20 root         WARNING  697f66b327663e55a7c864e286d07456daa49d238724742b57a5349a0898638e doesn't match
08-18 18:21 root         WARNING  41ab29b433ca27cf79c0021032f90389b1ade1e0290d7d9f50815acab5c01133 doesn't match
08-18 18:21 root         WARNING  5a5fb54ba224b1706d2e0c80c8d4ffffad641383e636c536cc73339f6b2c2c1f doesn't match
08-18 18:21 root         WARNING  c52d5d4ffcb95c2d4edb56c830b177fd72cbed2075a42a26d1654754c02e152a doesn't match
08-18 18:25 root         WARNING  3b2c87d4791f62444388494f6e749f55395ec4759d2672835a596474fbf80cf0 doesn't match
08-18 18:26 root         WARNING  132935d6be17463ed4845d07a646cfd8f1b0ee2350e220baf5ce1b4c446d9951 doesn't match
08-18 18:26 root         WARNING  7a413ba94013fbfccc169a54c5ec07c720978485ade6abe6837346407a9f2cf4 doesn't match
08-18 18:26 root         WARNING  5284334c1dbd9edd65195ad938a5248e04b26521de15ba5bb824b38de130aad5 doesn't match
08-18 18:27 root         WARNING  dfada7b600dfb94e7487273d79b77a37d580ab9d1bf07092da6946424c0cfe41 doesn't match
08-18 18:28 root         WARNING  ced3392518d3b6b94424afa0be70037a04580cdaf973f1a79ab0e455dfd71fbb doesn't match
08-18 18:30 root         WARNING  96440c847d70714dd06cd719a9efa76334fae7a1f5cc716c5276b9595ff8256b doesn't match
08-18 18:30 root         WARNING  b2a5f063595fcbc1fec62d2f191e583d7d93ebe7e8421d8aaab5cab5c10c6bc3 doesn't match
08-18 18:30 root         WARNING  a1108deeb26985b77aa1d42008de024eca0c70dd45a556fa77b1651a7a0afda0 doesn't match
08-18 18:36 root         WARNING  c1a4186b306f41cec5e5bdcb61a2ca54f88a5a1e364474ef169464e372b857d9 doesn't match
08-18 18:36 root         WARNING  e8398d54b3f56c8031561603efdd1ffa3677724c1ef72742b569905f140dd8d1 doesn't match
08-18 18:36 root         WARNING  9abd77c104ce91a3028e0a60deb9260fa3c446ea6f3d5518bcb78a29499af7ae doesn't match
08-18 18:36 root         WARNING  6abc35f0c7645fc876432815bce493fdf2517877f8a52ff548650501d0fa25a3 doesn't match
08-18 18:36 root         WARNING  db57cf3dd6092960b96625c010caab7db3d33384483ff3ae932f4c0fd0940060 doesn't match
08-18 18:36 root         WARNING  8ad9efb71d09eb9e41bb93b0b543c7265647442e2ee88bdd2a8b5012743f131f doesn't match
08-18 18:37 root         WARNING  9a96a952df05fdaf787b8326ab66c632991b3361de10c5540c73ee3f2a37740a doesn't match
08-18 18:37 root         WARNING  186661648406aff87a60605d92b1faad889a63d72481b2d6f52ba2da23909897 doesn't match
08-18 18:37 root         WARNING  abaa5e8d65f9296ca168fdec1714f821bc4d764026328409ceb6d01c52cf0f09 doesn't match
08-18 18:38 root         WARNING  1508ca9a087da049d774d330e6f8b1bfa1df43805d10d0f97ab5384486bfc886 doesn't match
08-18 18:38 root         WARNING  906fbba19e1bf4301276ae80b022f2d67ee2b21c12c035b93e30928a063d9cbf doesn't match
08-18 18:39 root         WARNING  eb74cdbdbe94be5dea3c1e8952c988afcbdbc6c2479debd08380172af0d6f2d4 doesn't match
08-18 18:41 root         WARNING  9d4798166f08af29ca5c017a49e6a1f28b87eafa1a859e4e18e57a45d51a6e4b doesn't match
08-18 18:41 root         WARNING  dfff73f5292be48069a30b08809a13c0ea06e59e147568d49fda4d5852dc0945 doesn't match
08-18 18:41 root         WARNING  14bf4003cfb2bd5df8de1a4b2d20900d34017dea1b11822fffd975843ac381bf doesn't match
08-18 18:54 root         WARNING  8ae2952d837e91df1b86867f2c4d22f9ba569a961073893bf8d6ba9a671ea0d8 doesn't match
08-18 19:05 root         WARNING  0fcf6bef4e212ed0dd85ae985cb04b43206400304a03cac8b558e8ff82cfbf9d doesn't match
08-18 19:28 root         WARNING  7e28acd840baaf55b39c6bb22b45e038a89270daa770345171928fee8b5be784 doesn't match
08-18 19:28 root         WARNING  34ecbf7c885b39c01f57d529dd9d9e9011d5416dc326b0d72da79e975d4ad4aa doesn't match
08-18 19:36 root         WARNING  dc61729fc69cbb8a2494344e6707f2d79a4bf676156fc5685a678d2c0fa16ebe doesn't match
08-18 19:38 root         WARNING  8a2e9a6b029486b60d4e77331b944c89652a9b000761e9da408f2bbdaea8d9ad doesn't match
08-18 19:40 root         WARNING  02153c56369b0bca44285441c139f3341a5992f587eee5dfbfe7b4e5dd742f29 doesn't match
08-18 19:48 root         WARNING  2719799d1cd7fb2a4f168927c4dc70647cb51129e6e8cf3d408deda97d039aef doesn't match
08-18 20:00 root         WARNING  3dc9b615c05e70954e3b202e55d8f9725f0f6a1898b20941c76cc13d2878b622 doesn't match
08-18 20:04 root         WARNING  ac561d398739b4780304fcf358cfdaa722283e8543dba1eb99b31b1fd327bdd7 doesn't match
08-18 20:04 root         WARNING  76146daa83fee279f475b75519c64afdb648781643b3d5d31060e1f8e76cffdd doesn't match
08-18 20:04 root         WARNING  841a111816b14ea78f887967268d75b3c506954a0035b57bd961b4a9f142bc14 doesn't match
08-18 20:04 root         WARNING  2dc06772ef0f661be5029a898bdd34e0792fae24d063dc9eda093ce0ca0b7a10 doesn't match
08-18 20:04 root         WARNING  5a28e657da2f57bda68eca4417c0ee537b4e6c3fbfb386d67d082e35cb6dc38c doesn't match
08-18 20:05 root         WARNING  2f3635c6c62e50d46ff930b2d217c224e363e1ff9f1819483b5170189a9e2027 doesn't match
08-18 20:08 root         WARNING  a98b76023b25a415d3be14fdca3886f665de3190524765208aad050d6665c580 doesn't match
08-18 20:11 root         WARNING  144f05c3795753dd990edad8a410945f9aa28a1ae4883b0b2b134c49d2355dfc doesn't match
08-18 20:12 root         WARNING  47de498fe8bf025dddcb7c36cae8c64a324d382d954556b7ea4d6d01da0b00be doesn't match
08-18 20:12 root         WARNING  58b6d4183fb4ea23c316ca4d91ab2bf2214b58fb2542131aa4a170d3624d65d0 doesn't match
08-18 20:34 root         WARNING  8a55e29c5d5e69c216912b027e9b7423add2a3b8581a66e34a3bf3e5b4490f1e doesn't match
08-18 20:37 root         WARNING  8383f069af8d91be4e3299b79ef585095be3309372d8457c9bc07a43d40ca939 doesn't match
08-18 20:40 root         WARNING  cb4671d7b078e97468555a1e7b8546e734c216cd788922a63df6fb533aa73bb8 doesn't match
08-18 20:40 root         WARNING  2c5f837e88f0753409dc9d57681062c19f35ec1e596f23f21e50d3f6d52dafe1 doesn't match
08-18 20:41 root         WARNING  12f2636a0064521b2da8efd3a6175d6f3d57245233ac2f34c5a30e824f38925e doesn't match
08-18 20:44 root         WARNING  7006f46d50a702e64bfbee2e98c33d9fdc3ecb402a874236bf9fea6a4711bfd5 doesn't match
08-18 20:50 root         WARNING  7e4d0e49a60e73c99525b9cdef06e1ebdf9c0d905327447829caac8a14506b4f doesn't match
08-18 21:09 root         WARNING  7b49bc4d2c6348d634a33ec6ff4570fedd61b2d849c39e9a8dc336692c96975e doesn't match
08-18 21:12 root         WARNING  99b137c20234b0638468b59ec24084f3de17ccec6af26005ce5264ed6f1b973a doesn't match
08-18 21:12 root         WARNING  b38c5fb9b09de256c38432607a0f0f77ada1794bbbcc4f10573261307b6ffdf6 doesn't match
08-18 21:12 root         WARNING  a8a80c4a1cf8433cb72a64eb5c04c694fb9b1c0c5ff00055e546bfadc1392407 doesn't match
08-18 21:15 root         WARNING  ef93937c8c08536146130dfbd91d678710c05237adafc5af6fdd25e024fbf2bd doesn't match
08-18 21:16 root         WARNING  09b32a5dd0fc0e3da119b13fcb8fdbfab025fa23a8e3c87c1edec2cfd98fcec5 doesn't match
08-18 21:20 root         WARNING  1fc3d1cc6e9016b1b193b8d4293a4b5705349f8576dbd2502868e4f45c4b520e doesn't match
08-18 21:22 root         WARNING  178cb9d53deb80368d4a496521e11d9181de7a0cf3b92dac3cfb2383578afbd3 doesn't match
08-18 21:23 root         WARNING  0251fcbe17d35d00acaa1021b4bc4b973494831040ab89eae2918edec24e19fc doesn't match
08-18 21:29 root         WARNING  748b63d88b72fba13a0a044cc47311ad03f38360bf7282c68e431a81a3656ea8 doesn't match
08-18 21:45 root         WARNING  f90e2c842477d83c055ac74fb08148e05b1d07bdbaf51d382dd231f150071338 doesn't match
08-18 21:47 root         WARNING  b5473c82731196a1098e4de5e42aeff19e36471023eef6f64d5978040b611322 doesn't match
08-18 21:47 root         WARNING  87cde79f134ecd75917cc51193f48ad561c3052e925a7b4a00fbd8dde3b313b2 doesn't match
08-18 21:48 root         WARNING  8088636252cbb443b8cb6ccdd2db8e4b089b99f81663b840ccad5fbb2557becc doesn't match
08-18 21:48 root         WARNING  d0735e2b96bddbf053a14ac99d98f7f8b32578ac0ee4216b0460de59473eadea doesn't match
08-18 21:54 root         WARNING  60773f2a07c3448130ec8a61512eb2cfc3847fb170adc1310a954aea77e5526b doesn't match
08-18 21:54 root         WARNING  6d7443fd4c05d665d151a33f9ce2097fa967a2475432a8629b6a0611e728d904 doesn't match
08-18 21:55 root         WARNING  d13dbe2c78a37177ed241fac82d68ccdb005288640d0464394414c23820d5fbd doesn't match
08-18 21:57 root         WARNING  fef14cf632b7d485c81dd2919a27b39b7c0d7dd9405f1b999417a359ac60c830 doesn't match
08-18 22:24 root         WARNING  ca611b1ee6dd9c8d866ddaabdaf9af9635930d5c7d1475b7ea0a0bc0dad44527 doesn't match
08-18 22:31 root         WARNING  bae50ad6083bb5d6c0c8a500fb8803f8ec128c3aa130c11b246a866064e9bead doesn't match
08-18 22:32 root         WARNING  91cc0a1495a87867f982ed5fd150b31503f698370a70a2debef3ea09351b08ab doesn't match
08-18 22:32 root         WARNING  dd5552410604932af1686b3dfdca9bb4d61e3798e9f08999f5ee10c3dd09ed8a doesn't match
08-18 22:32 root         WARNING  48e3f508460b6f0b8a0311065f8c28cc97bc0b7d0151604b2afd734e838cf1f3 doesn't match
08-18 22:35 root         WARNING  2a75ea1115920e686c4d18ad4760b2698b4c3afea41228ac329f14ef9a12c49a doesn't match
08-18 22:41 root         WARNING  c5445c6273aac1f5db3eac26b2db3e6e65e434fab559a5bf48083bb62be8d23f doesn't match
08-18 22:58 root         WARNING  299824536c18f5543e908cdd2c38387b838e75777c76dcb0c9dbc7c632405c93 doesn't match
08-18 23:00 root         WARNING  6bea23e5838c0318de6e26c140e435052237a7c1d304ae905ee366569029c0c4 doesn't match
08-18 23:03 root         WARNING  60e262608406283d6b2cd5d13afe6354a9c582d42229ebb93933e3940da4cdc0 doesn't match
08-18 23:03 root         WARNING  92ba2b499f726e1aef732c4de271ce61e85ce31ccc10c8f448f733e10537bad3 doesn't match
08-18 23:07 root         WARNING  c47f913fcc331bd1341e523336fd63bd0a8013ceca7815c0ed5e5708ef162fa5 doesn't match
08-18 23:08 root         WARNING  010af131d49c4f146d46f6d1de55b23b03c977b4a7eac79184a31bf1b9e6b535 doesn't match
08-18 23:08 root         WARNING  5a2578544b55c11e1777a36434be59fcc0e1864efedc0ada9958d3170aed8925 doesn't match
08-18 23:08 root         WARNING  8f06c808d09fed739e735707a028c65032e862b8b919528dbe7a2a7de1395485 doesn't match
08-18 23:14 root         WARNING  878b2697536e69ebc8b8df1dd8b242419c019c635283e81da1ce2fba93f940d4 doesn't match
08-18 23:15 root         WARNING  c4b17d46dd876a063db69bce8de24020fce8c1ee323f1cbf42695dd8ea8f2346 doesn't match
08-18 23:18 root         WARNING  61f3c6e7692ab3dba4d8111abce9bd2ceaea2f92287baea38657f913823f6d92 doesn't match
08-18 23:19 root         WARNING  3aede86ca4055cc72de9eebd2c8cfcea400e3a3b13d73d1b2135d4878469291e doesn't match
08-18 23:37 root         WARNING  910baaec06e96746778ce1016f8f79662a97628a557d4ef4b3add6ee80400ec6 doesn't match
08-18 23:40 root         WARNING  0462ee55c1974c81a58863bab7533bd59504f5b96b9c3f5babd9fa555fd50fbc doesn't match
08-18 23:43 root         WARNING  d479b170dd68ee96ace4316516306136fe54dd7769c982c12123670824ad4cbd doesn't match
08-18 23:45 root         WARNING  e28181ad16adc67dd5bec84b6d726890ecd85ca0f1c1b4cd8ee6df12e2b931ee doesn't match
08-18 23:45 root         WARNING  8df2b12234ed3b059a6123899f459487316068c94eee01536e09de2c8a4cb7c0 doesn't match
08-18 23:46 root         WARNING  d313a28735c58f25501d4629aacef242634ce1a378cc9047b09be7a0580ec8f8 doesn't match
08-18 23:47 root         WARNING  094229b1d32a6312f26e4a23793acc4de971e97f05c6c908a01827182ec13aaa doesn't match
08-18 23:49 root         WARNING  21c1f7a08aaae0a7104d930c53319ff961d33993f39663a6171af1922581b951 doesn't match
08-18 23:51 root         WARNING  dcefe7ab977a8be14b610428d5e829dab9f0170d10b787a542ce73d7fd2379bf doesn't match
08-18 23:52 root         WARNING  b7e8c04ed49556c25bd653e389f401b2f24c5d33b6d1ea40c0415d577b28d464 doesn't match
08-18 23:56 root         WARNING  130e16109b84d28c4a6bada623b8541d7e356fcd94b06c2e5040dcfb3a8cc2a9 doesn't match
08-18 23:56 root         WARNING  85afadbb09eceb62fbf26cf5fd1d494b281b57967ca0a83aecb18e2fec7d259c doesn't match
08-18 23:56 root         WARNING  436d0b438b482211d16d45acf22fd4eee58a8bf371d931b418b74dda9d1e6ace doesn't match
08-18 23:56 root         WARNING  afc92eb3998aca1c532a560d810996c8395c2af48c38ddc2d34da228bc999fd1 doesn't match
08-19 00:13 root         WARNING  8869a556e3c5ba9915ac7483683f2def9cee2b7bd09aab92bcbd493f84f6495e doesn't match
08-19 00:13 root         WARNING  d67d7d01a0d0403c4e4ac999ebba3c99fe9c0f95e9cff6e743cbc88b40306a46 doesn't match
08-19 00:13 root         WARNING  95eb2470ad8052a70416de20427f2431f54beb5dc65552692afc9b0eece91ca3 doesn't match
08-19 00:13 root         WARNING  894223be95e5f1ce5caa6086bc9eec0861e8c927fd696321ce071a3fe8c216e5 doesn't match
08-19 00:13 root         WARNING  7326eb3afac7447c4a7b73551aee88ac76fde5f59a2f5eba7cd15f4c5096e6c0 doesn't match
08-19 00:13 root         WARNING  71bed63d70dba7e85d3c4a307dcf6aafe770a1691900d445adfe11964c4a171a doesn't match
08-19 00:13 root         WARNING  cb7d08def7af0bac444f190ad50c9617a22c1cc710bb576e5a00d140996d5191 doesn't match
08-19 00:13 root         WARNING  8798a05c9ba438139c1e9d93515b1e350891f03abb31a68ec43bc1f2e77a08ce doesn't match
08-19 00:13 root         WARNING  1461396e1b4e74661be1f7065026790c72327205572ea61f30af03ffce0aa22f doesn't match
08-19 00:13 root         WARNING  5d95b9d1e2175820614ada4f6fbe7249da552fc62d5ce63017ea4ea2c632ad35 doesn't match
08-19 00:14 root         WARNING  dd037b741198dd4e8a9ae5090ac2f68e057afd9c3e95320370cc6aafabf9b3c5 doesn't match
08-19 00:18 root         WARNING  a5099ec7961683bf6f54e177d8a3c951448977e4c89d07c6a5e81c50b6d7dbe4 doesn't match
08-19 00:18 root         WARNING  9a9bea96e1967a768c1e9c735b817aca139c33930bfdd8239c77ba1554f178cd doesn't match
08-19 00:19 root         WARNING  f8d39d624a69ad27801eb573ea8c64dd3b5d64b7ca61303e2ec0b81c2b0ef2fe doesn't match
08-19 00:19 root         WARNING  9f0ac3b45211b174ce35be46b9543864694d43d88ab12e4056d593237771dbc2 doesn't match
08-19 00:19 root         WARNING  cb00b40a50c42976061cf067c04b52b0ff307e70c41bdb2a57318a0330ba1202 doesn't match
08-19 00:22 root         WARNING  5c3f24a3c70b2bc29efa0a5c012d4406ac560e85bb1d0d211bbecf032920e91a doesn't match
08-19 00:24 root         WARNING  01499c7c660dedbdcf80dbf1632ec0b28b63616a0a174eb7d7979c21c627d64c doesn't match
08-19 00:24 root         WARNING  5cef5bf39865b315f73c1b85bc0a2df19b48b20f00db9bc24915bc4e3943bfe6 doesn't match
08-19 00:26 root         WARNING  2298872004bc8728e05822f8da04cd8edb687abaa8724597e7e53b0c966c39b8 doesn't match
08-19 00:50 root         WARNING  d1b7f69a6455d4b916786c732911b7a500cebf682445e7948a51f4ae3a16a755 doesn't match
08-19 01:01 root         WARNING  aae8aa8fc398fea0a125afe91bb3f782f07cdfe2ce4be20abd0430ff7f1b2d24 doesn't match
08-19 01:02 root         WARNING  ad8d17f32c439bdac2dcf05a660d2eb7165aff2336949426a58a7775342e1f5b doesn't match
08-19 01:02 root         WARNING  225bfb04f2fffe51847bd9cb9f89b26ab76f4bac8434c0eb6f5e29b232e83d45 doesn't match
08-19 01:02 root         WARNING  7f328f49706fdfbea825e14d743d3bc514aac5c4409e4f4892c2b21d74eff5ce doesn't match
08-19 01:02 root         WARNING  ca2c0bb19ee7ab29a96b1447a2cf3f247ff1b91780c12b5e7deef226c3cfc791 doesn't match
08-19 01:05 root         WARNING  5f48d83632a4efd53156d22c94269951872b171c2057d6065e2441dbeb87039c doesn't match
08-19 01:05 root         WARNING  077a60d0766843e40d0add74f282cf99247b4e44aeda3ebb8c2b93c200cd1713 doesn't match
08-19 01:06 root         WARNING  33ccdda65abdda8025adb03841410dda5fa8948bd38b7fbaf3fed521daf5c4d3 doesn't match
08-19 01:28 root         WARNING  0095dc02c4826d5a5d24ba0081561037fc9bddb9c13e801fa3294a1629796648 doesn't match
08-19 01:36 root         WARNING  d19c2da7a1c88945079d117ffdee37d185fe9696c733049b49e2de4422e09adc doesn't match
08-19 01:36 root         WARNING  965f0a2ad352f86d596ead11a94bdae2f879ec363f875e98370ffd76ea4034dd doesn't match
08-19 01:37 root         WARNING  678259a6c43d4541cebf43168b41a239ab1ff12cb224f3a94b2941dbc9692cbb doesn't match
08-19 01:37 root         WARNING  df098c1d12bfb23705f8b110477d9e8930e6f65b7816e93616668780c1088703 doesn't match
08-19 01:42 root         WARNING  6812b2fc5825418142caacd4f5c06a94bc85dc80d97a033cfd3388cd55752d4e doesn't match
08-19 01:46 root         WARNING  e338b95c820a3a19bc1a02e9de269f56bfee4f5d26235e9d9a4d4022a09f5693 doesn't match
08-19 01:46 root         WARNING  c50d97181647ef594c28fc12c8cd42f3ff6eab62e1832b8507a470a5832be8d2 doesn't match
08-19 01:48 root         WARNING  8ee24f62c42af1028d8bfcdcc09e943975e4aa693b15eb68b5e25eb951f8fe9c doesn't match
08-19 01:49 root         WARNING  e86b5b7afc95c3d06bcac93cd847e7866d1ea3a868816a139e532bdeb5a00975 doesn't match
08-19 02:08 root         WARNING  26efb10c2120f998a62d6a0169ac84d9727c3fbe087aaf4f3ff4eb06bf02f2c5 doesn't match
08-19 02:10 root         WARNING  12447038c8aebb82981f7098c8a27929cdc7dc2bc282ab991e3d21139632e9f3 doesn't match
08-19 02:14 root         WARNING  bcd824d724fb241b263061de87a69657465b586fbad5ca118d5ff7c92d43313c doesn't match
08-19 02:17 root         WARNING  2dbdaca70e2e5dbbda3eee26f621b8b2e1c40f339e88cae8b958b0c6b2fbab2a doesn't match
08-19 02:17 root         WARNING  28c55978ab666f6c5f56b9515a8904f767a93e67532ac2b05b53e5e79c440bd7 doesn't match
08-19 02:18 root         WARNING  62e5882505a6c4d23f21845c8dea372131e5639530f31cab5b0b0f3b52075716 doesn't match
08-19 02:19 root         WARNING  8d2bbead41a65cc9a7d8b35f1b8e8f73504037c901d91c84c0f1abf5294c6ea0 doesn't match
08-19 02:22 root         WARNING  b1fc6c0fd848bf13e69b3a28d4214ba063e8642fc60163933e71cc24dfe47bac doesn't match
08-19 02:43 root         WARNING  60bd3eb3f1d3d38ed4b9fa9c9eba5063f58a9c86f04c2887f310a591503fe002 doesn't match
08-19 02:45 root         WARNING  5e38dafd0c4d3b785f8480bae2bf873e42ab0ad598efca8d6dee558415c9cfc0 doesn't match
08-19 02:45 root         WARNING  6b619a2f03c30f1e5f1bc782726236959b046df366e2272315162ebe722db9db doesn't match
08-19 02:47 root         WARNING  429e9f5aa4490519dad6fae3973b4fc78eadf2d52ad6e9f6b950494a31f5b235 doesn't match
08-19 02:51 root         WARNING  89c1bee456762783ad9c59249bd7e1a7f06bcdaa6f6034297c846bbfef475a46 doesn't match
08-19 02:56 root         WARNING  225e06ee9f817ae4c3d65c890bb32a3bd3a36505350c79d3e1b2d80ebbf842a6 doesn't match
08-19 03:02 root         WARNING  9c0658e6bdd1f0c76fd2c15262e7fe026e8f90abe804c39056eacaa11a4a69a8 doesn't match
08-19 03:02 root         WARNING  21ba5c7fdb534c7d927efbfe3031126761841ce262ab5fc3b1e42971bf1f5c13 doesn't match
08-19 03:02 root         WARNING  23542d474407fb32acda55ad986d5d0cc1b205bcf18b86b135310cf44feebee2 doesn't match
08-19 03:20 root         WARNING  a4ea9ae234a18918024ff9fc6f2ce83726d11735c86889b39d8afbd1b8b0629b doesn't match
08-19 03:22 root         WARNING  41c1e37190d81b7fb783af90e4f57560a16cdaa016cc0014a268615599ad90fc doesn't match
08-19 03:22 root         WARNING  e4b37c20e7623cd571e5a3bce5cfe298cf7565d9aa249e5fa3ad77b84ae8cab9 doesn't match
08-19 03:27 root         WARNING  9d7b09eb4044fde14e97631c4be64eec0b97c4515c0a7567b8720f3753ff0cce doesn't match
08-19 03:29 root         WARNING  b574362deeacd223f6246390a3a78a335f6f9ff8ae5df001268ad0af823cc140 doesn't match
08-19 03:35 root         WARNING  47cd577e7997d5224160132f0fc7a41c7d85f081d4af29e2268419b9c13ae72e doesn't match
08-19 03:36 root         WARNING  5a8767105e5aa934dc0b487f3e414a54ccbde7f0acdb7ec009c9d21b65597dfd doesn't match
08-19 03:40 root         WARNING  cf0a0d480dd1111c888486635422adaf2548296cf2335a46c9a07979b1de1854 doesn't match
08-19 04:00 root         WARNING  1f3a4a576ab0912852b84003ddfc0428e35e26fbd92a3c4af299ad22ddc9dc1c doesn't match
08-19 04:08 root         WARNING  35ea8a4e82a92377f51237f003bf679554232451a7995cfdfbcaf1eadd7f3a39 doesn't match
08-19 04:16 root         WARNING  755690c345c4133d6c8cf54252e7ac2b45330bab1271cac45b067ce179385039 doesn't match
08-19 04:36 root         WARNING  42d3353d71199e153286e530815e75f4f1b95fc0656d55e629ef955c02e1864a doesn't match
08-19 04:37 root         WARNING  0850a95f1f66bb2de0bb79fd1c70bd0ec907eaee5ac2a606495d5200b59f7f63 doesn't match
08-19 04:40 root         WARNING  f9be83a4f3681de30852c68a069d2df6a1f2eee893989178634f205cd0901750 doesn't match
08-19 04:40 root         WARNING  e1207863be2328acbefd1c52a1f91d73fade23cc1d513d1706c0591fa50161eb doesn't match
08-19 04:42 root         WARNING  2d7b1606b55c150a8c1666e80e2bfba77f9ac51a3b1e4b9e6dd2a570a830dc88 doesn't match
08-19 04:43 root         WARNING  819a303526a6c114a7389f8b85240368022837411d927307b6ddb538f2d14dd7 doesn't match
08-19 04:44 root         WARNING  a88a6cf944373cc1581233411da00ffab1f1ea2ee38c42d816f22b377c37df1d doesn't match
08-19 04:47 root         WARNING  1d6b1b0e27ac371054ce46e1b846b6b8de8e37f5ef918051d281dd18f42df65b doesn't match
08-19 05:11 root         WARNING  0db801e89285ccbbd8feaff28a603e98acf2d155fc531baea11619e288cd5462 doesn't match
08-19 05:11 root         WARNING  e39db23336a1f5d2de9860a400edd0d88a2d3a077ac4d282378667d060b17f7e doesn't match
08-19 05:11 root         WARNING  95b6a8b1150cfb47fb785371918bbbdd71897c8ae769017d70c538c760b30ad2 doesn't match
08-19 05:11 root         WARNING  feaf47d43c3ffbbc3cb0dcb5afaed1a1c49e8e0588f7c878e7e324b6b2ef8766 doesn't match
08-19 05:11 root         WARNING  51782ff9a74fd889ad8be8a692fa92c21cb858621407dd1c6b4b98df39f5c239 doesn't match
08-19 05:11 root         WARNING  f9150122ba70ac909be418843b7660e6cb89fe4c69342c3502430011140245b0 doesn't match
08-19 05:11 root         WARNING  b8c2ede88370c22ec3e34791be41ef643760c7df64324b029e6d4b810cdb37f3 doesn't match
08-19 05:11 root         WARNING  3f0b8fef27b6ea96f738b42b492d4d90f1b132f518db4e848bc987f814310686 doesn't match
08-19 05:11 root         WARNING  8f9e02eaccab1c67668513534d5e5dd343ee14934374f5e603b44d424e6b76df doesn't match
08-19 05:12 root         WARNING  27a71cc8716c0fcfba6ea72de1bf505a254c083c522277059d2a7c9a80860364 doesn't match
08-19 05:12 root         WARNING  13c5434d1b9b8475a5c31ce58b9bede23db67fa6a2d0183a1800d21b9399bc18 doesn't match
08-19 05:13 root         WARNING  52394c79f37057a9c6114bb31347268ffda2e95ddca07b6eaa10269b6e60311a doesn't match
08-19 05:17 root         WARNING  857d37108e437fe20f5a0fd9157afbbf39e4f9949ac21c38d7239cf8ac209e10 doesn't match
08-19 05:21 root         WARNING  b0ccf041d63545a8376d15aa8f4ddd87ad4cf4ff431bfaf805f8b91a15b5761a doesn't match
08-19 05:48 root         WARNING  59e8dd50b60fa14e535ef04f5476750048180297a81e1eb6a664e78eb0a2addf doesn't match
08-19 06:00 root         WARNING  75c55e03a1f70ceb3fb9ab6a9d3ed82bcfec529cbb61055e04d37fc920513d03 doesn't match
08-19 06:01 root         WARNING  4f418b80f6fe6bba94741b987d420ba7fcdafbc0cdf73f7b2737072fbda40630 doesn't match
08-19 06:01 root         WARNING  3a6da95e43cb73e21411ad0f79d7d72490af1ebba2f7dc282010a366a1146661 doesn't match
08-19 06:01 root         WARNING  dd688b58a3212f8a5757712cfeedae9128a226c4d72cbfc5e6873e1fa4e676c7 doesn't match
08-19 06:01 root         WARNING  b574e1c3807ee4bef2695f66be03b164c803f7695d41d865aecfea5b4766d620 doesn't match
08-19 06:01 root         WARNING  d1671b505517c94aea40c78937abf9d5baab8f72f8356628e9b50f56abb6545d doesn't match
08-19 06:01 root         WARNING  0750903b62eea8f0ee0ba9382170d4613ba60a582b5412232fb031661b09de92 doesn't match
08-19 06:01 root         WARNING  7945ded4a30b4887bf0ad39b07c5746b373c079aaca2539d6f4147ea42d6519f doesn't match
08-19 06:01 root         WARNING  44ce95371b254d22504f4850307db03f2e48c56f2467ecce4b27ba4eb1cbcc6d doesn't match
08-19 06:01 root         WARNING  2890afb84ddd28ed6c032fdc527cc2d1e6cf08f6dc2c27dc1d156add08a1a4e4 doesn't match
08-19 06:01 root         WARNING  eb67ef277ed986e7d74d121b638e5adc9fa1dfb5e9cf464821a9848a2cf65e0c doesn't match
08-19 06:01 root         WARNING  8bccf8d2c4c9f750e419496597dc0b07278179cbc18704fdd8f7349e65df6b61 doesn't match
08-19 06:01 root         WARNING  5c9712fe7929d3674fdddfadbac72c4456127a8f3c118ddb46f5cd5998228621 doesn't match
08-19 06:01 root         WARNING  bf36a2f157c762d56bb049380e9ee7d69bf1c19085186c813fea6043e12adb49 doesn't match
08-19 06:02 root         WARNING  b1462e17c2db9dbe57124047876504ffc186ce9fe4405a05ef65dae6ced89543 doesn't match
08-19 06:02 root         WARNING  7c00dc03c5a6f54a5d749d71a599453a8aae39cd686cd9c380798cb1fc3930eb doesn't match
08-19 06:02 root         WARNING  91d277f3342a6929e639e93983c721abf2041bbf65f9f4182ef18c74cb88ad41 doesn't match
08-19 06:02 root         WARNING  55e14849b421737b804c8f31fad723ad4f80b526d2acc99ebfd67df1cde8ae70 doesn't match
08-19 06:02 root         WARNING  6b861785196ffbe6c0a660861d8b1553cbf4f0bb0a43d0911e6651f4cacafe7e doesn't match
08-19 06:02 root         WARNING  f90616ec4c15bc1e8d0ec1c074da32f77bac6c798e130a380450d864c59df60b doesn't match
08-19 06:02 root         WARNING  81d14530f256acd5bfd7e51834e40572e71cb6dec5271685c303b6122bb22501 doesn't match
08-19 06:02 root         WARNING  98f4da51e4f8715164cd985b764bd3289e248ccf2fbed7c4fbcb2d6613360da9 doesn't match
08-19 06:02 root         WARNING  829b39201e95e39fb8e47815d3c86428d78d96c7e3d3703992c3074b032c3309 doesn't match
08-19 06:02 root         WARNING  989daf515d8a8567f9e8d26cb2935dbd8c4e130f18ad5fdf5d2df6b2fed5da29 doesn't match
08-19 06:02 root         WARNING  88ff0f945258aad2d414f6571b5806daebd30a6c02f9fd22585a27e7d8d5d329 doesn't match
08-19 06:02 root         WARNING  559b03a90895621a22d057d4bf6599defc19eb63fb371a32338eded93f300cbd doesn't match
08-19 06:02 root         WARNING  403c013d7ca1d05f0baa2d8c65c7884e14b610c00632964d7e5232cdf3503322 doesn't match
08-19 06:02 root         WARNING  08380840e2b30781fd80685a7be39ab8ff9fde87eebfa49ec65086a8da62c058 doesn't match
08-19 06:02 root         WARNING  cf76e2e0aa4baf47190e0af3b24d831a41461b3af2218f48f0e583a45db61b14 doesn't match
08-19 06:02 root         WARNING  5b11a395e48abb961cb82a012dc04f118a18c56dd68d411407125463b7403711 doesn't match
08-19 06:02 root         WARNING  963d489a1dd12f70709d27e0648a1a1d00e65d54e4f18c4c63122c432b4cc656 doesn't match
08-19 06:02 root         WARNING  80ad06d9b4f7bb0edd8e535b751871fe01d12dce4d583ff7ecaf04507179e737 doesn't match
08-19 06:02 root         WARNING  4858993b7e919e839e174ca88313dd2870d9dec8478f9dd517d65de127faca9d doesn't match
08-19 06:02 root         WARNING  63ba21c76b875e966a56671b2dd17560354ba76cf45496bbd64699f7c5d11b16 doesn't match
08-19 06:02 root         WARNING  b64faa714acab7b98d1ef58d112c423a92f710bd9033814f03a4405b85dd1edb doesn't match
08-19 06:02 root         WARNING  d60fd185a7e0f4e8e6e8902844a2299ff102a50a08310fe2a0e1b2ea78cb227a doesn't match
08-19 06:04 root         WARNING  2a6535d29358d56a25842a3f0cd2d7eea8a5d67a6d227b22a46f6619db47891d doesn't match
08-19 06:05 root         WARNING  addf32effa61c799ca7bf4c1eccf8d65e9503a8d11f8a58366ea5c2735dd0cec doesn't match
08-19 06:05 root         WARNING  b04299009ca522bf9458ab97f64349dc5fd12bde7bc7f72d2c722d2108af4348 doesn't match
08-19 06:11 root         WARNING  e03e210e3f909ab8a0d2029b7b8257581de7c0329946335fd8a9a812cbd7bc51 doesn't match
08-19 06:32 root         WARNING  f0e35f387390edfa5a17cd4899b0f9652d0cf21385dbff39d1bc6db30e0b9712 doesn't match
08-19 06:36 root         WARNING  7b7be12b709708ba931e3c01809563d6e2226814582d6bf7594fd8d9d04466ef doesn't match
08-19 06:36 root         WARNING  4f8f3df9e4595113fbbfee6d4ad3c09f6112f506edaa03ab514b5e40c931caa1 doesn't match
08-19 06:46 root         WARNING  276ecaca76112406dbf1d7998841ec2f08001d020b41a89aad7f8e0859e33b3e doesn't match
08-19 06:47 root         WARNING  bcfafe75070bb2a713fc8d2b478d831c0181df65f235f0247340ecf33e561d29 doesn't match
08-19 06:52 root         WARNING  480ccad6b659e3170aa0b99dc56d76b20034479a38ae644262fe601d3654cbe0 doesn't match
08-19 06:53 root         WARNING  87e63d4a5e989c0b02f101d272eb7855dccccbe1b4b7b6d1f66fc0a3e4818832 doesn't match
08-19 06:54 root         WARNING  e364a894353b3ccd968b196ad1f1c0ba0b1e915270990387c41b59edeb93bb74 doesn't match
08-19 06:55 root         WARNING  65b3e4c535e9c5490296898d83a482f5555fd08291de591052636b07ee42e6fd doesn't match
08-19 07:16 root         WARNING  8db5a0e2f331eb319c1c40f7b2b7685ac832564ccf730d4afe5f2151519f7bfb doesn't match
08-19 07:19 root         WARNING  2ad280eab32e31979887a75283670769a10f2868900de26e27cc64760a2a3a9d doesn't match
08-19 07:26 root         WARNING  717435023ee7c3d21af788c42a908207d2a07f7ffae54c57909907d3ff94b4ec doesn't match
08-19 07:27 root         WARNING  ebc4bfd4788286e11a43ba7871c754f9c35266d32ba169ea682a2d1af6a07ed0 doesn't match
08-19 07:28 root         WARNING  761ef0d91ef4f44c6a931f1e3915161a2dc69cc63531e1912ee82605a71521fc doesn't match
08-19 07:37 root         WARNING  d4975e5a1e447ae04f68516b3b7cf09c735c4bcad7e4856f1c28d8de7dda3867 doesn't match
08-19 07:41 root         WARNING  96a91eee6c39a54e54e77881cb06b4f7958f70bf895697d50ec9fc0b6b2398b5 doesn't match
08-19 07:42 root         WARNING  fe0b3169d8ff1377b42bca10138f9ad295418954bd45144c81f8c7b7be5c3420 doesn't match
08-19 08:08 root         WARNING  ca8a687c6e434758a86815aebcc0e0c7c5e75e9870ddf7f7870436bb6f68c17a doesn't match
08-19 08:08 root         WARNING  964cccdfc6992bcab2977d3074d40cbece9bd2fcf521d85a56a9865ba1e15348 doesn't match
08-19 08:09 root         WARNING  c2179d74c1eddd60b159f984622448c4e8d6694c9afa9ada2aa441bd25c71b7c doesn't match
08-19 08:14 root         WARNING  71e21609aeb14402635079dd584f806e99764b421eb6d88a7467bf9e784c6c1d doesn't match
08-19 08:15 root         WARNING  54c357f894340917841b0750432f8ae8d3ef9cced36505c778a31d51d800e69d doesn't match
08-19 08:43 root         WARNING  cc57b76b6b0e9fe92861034bf81417946dd708b5cd4b7008692e869fff3bcba0 doesn't match
08-19 08:43 root         WARNING  42bdd65f29272c8025de151045f9b95c325978d5991e2a2bebc3895480bbd529 doesn't match
08-19 08:43 root         WARNING  8342510d6e15cfcd9d4e490ee00958e5a7c8f34d41a7b5150ca4b4be25050326 doesn't match
08-19 08:45 root         WARNING  b98620173793226f82e85e9ba9861aa85f676db05e9fca638838fed99db0fcb2 doesn't match
08-19 09:06 root         WARNING  39a7e19cc685147532c0cf707b912eded630813d677c1c225d9883e4de082c1d doesn't match
08-19 09:07 root         WARNING  58149aa0795b269156eea3f000bbaf061b7697b8e2258accaba84ea46b03e11d doesn't match
08-19 09:28 root         WARNING  ca8ce653a440f476df8b31230c12aac44504450e5c028a08dbe08741d6c9d712 doesn't match
08-19 09:32 root         WARNING  9f1e4f084af8f09b490a64a00b422d51dd7bed6d1b9f9a429dcfa4d956c8c7b1 doesn't match
08-19 09:34 root         WARNING  215e7d917addf7f6b0f227bdd266588279add9bc90166b3cb62ed5afac3ef807 doesn't match
08-19 09:34 root         WARNING  3186627e25865d1010f6c4fbdb402bd12866bb27106b438cb607714c389d9d2e doesn't match
08-19 09:36 root         WARNING  416482e501afd14da5378c5f907ab9e3d9e606df0bdeaa976e856722d1ced383 doesn't match
08-19 09:36 root         WARNING  f43ea8a9cb548116a1183837e5592b9f0f4ff23a0bb9b69d78baf01d3d755225 doesn't match
08-19 09:40 root         WARNING  46c91d88c69db250f06dedadc6f1bdd426a047531631a41ddb506ccb749ea746 doesn't match
08-19 09:45 root         WARNING  856ea7179b9ded846db464fc6f044fe6b0deffa0828e5f13d8fa4013f5de8611 doesn't match
08-19 09:47 root         WARNING  4dde760cfb54b28fb86c90baeecf680bb8d0cd322e78cb44ddb9a59b33b3e1d8 doesn't match
08-19 10:08 root         WARNING  ebacfd97a7797ee651fc5b0d90c11a8b101c49419257724366529547145d4985 doesn't match
08-19 10:11 root         WARNING  6cd3b5f2bccf4ec3bea6893a713907b2aee15a8b7530181226b9efaf35f7e8dc doesn't match
08-19 10:12 root         WARNING  2c941373dbc474321be81a8a6b4615e7999fce29429bd7baf51918d5f9b29683 doesn't match
08-19 10:17 root         WARNING  c82cf1586a4dcf33e19c733ef2d4782b875372dafff80741d772bc56a392f5f7 doesn't match
08-19 10:19 root         WARNING  26909816ede4b520d311e453a4f9b1ae3d844580532b1212b072265ea7824ada doesn't match
08-19 10:30 root         WARNING  da608e144cd49a9d1a219663c733b51def9a9eacfda287c7ad14f5f7c6166f7c doesn't match
08-19 10:50 root         WARNING  4edde58ebffc77fc59c4315f7a6d109c4e8e60dd6d10586db103bc54bb3a487b doesn't match
